ARM GAS  C:\Users\TYROLY~1\AppData\Local\Temp\ccUPDJmc.s 			page 1


   1              		.syntax unified
   2              		.cpu cortex-m3
   3              		.fpu softvfp
   4              		.eabi_attribute 20, 1
   5              		.eabi_attribute 21, 1
   6              		.eabi_attribute 23, 3
   7              		.eabi_attribute 24, 1
   8              		.eabi_attribute 25, 1
   9              		.eabi_attribute 26, 1
  10              		.eabi_attribute 30, 1
  11              		.eabi_attribute 34, 1
  12              		.eabi_attribute 18, 4
  13              		.thumb
  14              		.syntax unified
  15              		.file	"ISR_1m.c"
  16              		.text
  17              	.Ltext0:
  18              		.cfi_sections	.debug_frame
  19              		.section	.text.ISR_1m_Interrupt,"ax",%progbits
  20              		.align	2
  21              		.global	ISR_1m_Interrupt
  22              		.thumb
  23              		.thumb_func
  24              		.type	ISR_1m_Interrupt, %function
  25              	ISR_1m_Interrupt:
  26              	.LFB3:
  27              		.file 1 "Generated_Source\\PSoC5\\ISR_1m.c"
   1:Generated_Source\PSoC5/ISR_1m.c **** /*******************************************************************************
   2:Generated_Source\PSoC5/ISR_1m.c **** * File Name: ISR_1m.c  
   3:Generated_Source\PSoC5/ISR_1m.c **** * Version 1.70
   4:Generated_Source\PSoC5/ISR_1m.c **** *
   5:Generated_Source\PSoC5/ISR_1m.c **** *  Description:
   6:Generated_Source\PSoC5/ISR_1m.c **** *   API for controlling the state of an interrupt.
   7:Generated_Source\PSoC5/ISR_1m.c **** *
   8:Generated_Source\PSoC5/ISR_1m.c **** *
   9:Generated_Source\PSoC5/ISR_1m.c **** *  Note:
  10:Generated_Source\PSoC5/ISR_1m.c **** *
  11:Generated_Source\PSoC5/ISR_1m.c **** ********************************************************************************
  12:Generated_Source\PSoC5/ISR_1m.c **** * Copyright 2008-2015, Cypress Semiconductor Corporation.  All rights reserved.
  13:Generated_Source\PSoC5/ISR_1m.c **** * You may use this file only in accordance with the license, terms, conditions, 
  14:Generated_Source\PSoC5/ISR_1m.c **** * disclaimers, and limitations in the end user license agreement accompanying 
  15:Generated_Source\PSoC5/ISR_1m.c **** * the software package with which this file was provided.
  16:Generated_Source\PSoC5/ISR_1m.c **** *******************************************************************************/
  17:Generated_Source\PSoC5/ISR_1m.c **** 
  18:Generated_Source\PSoC5/ISR_1m.c **** 
  19:Generated_Source\PSoC5/ISR_1m.c **** #include <cydevice_trm.h>
  20:Generated_Source\PSoC5/ISR_1m.c **** #include <CyLib.h>
  21:Generated_Source\PSoC5/ISR_1m.c **** #include <ISR_1m.h>
  22:Generated_Source\PSoC5/ISR_1m.c **** #include "cyapicallbacks.h"
  23:Generated_Source\PSoC5/ISR_1m.c **** 
  24:Generated_Source\PSoC5/ISR_1m.c **** #if !defined(ISR_1m__REMOVED) /* Check for removal by optimization */
  25:Generated_Source\PSoC5/ISR_1m.c **** 
  26:Generated_Source\PSoC5/ISR_1m.c **** /*******************************************************************************
  27:Generated_Source\PSoC5/ISR_1m.c **** *  Place your includes, defines and code here 
  28:Generated_Source\PSoC5/ISR_1m.c **** ********************************************************************************/
  29:Generated_Source\PSoC5/ISR_1m.c **** /* `#START ISR_1m_intc` */
  30:Generated_Source\PSoC5/ISR_1m.c **** 
ARM GAS  C:\Users\TYROLY~1\AppData\Local\Temp\ccUPDJmc.s 			page 2


  31:Generated_Source\PSoC5/ISR_1m.c **** /* `#END` */
  32:Generated_Source\PSoC5/ISR_1m.c **** 
  33:Generated_Source\PSoC5/ISR_1m.c **** #ifndef CYINT_IRQ_BASE
  34:Generated_Source\PSoC5/ISR_1m.c **** #define CYINT_IRQ_BASE      16
  35:Generated_Source\PSoC5/ISR_1m.c **** #endif /* CYINT_IRQ_BASE */
  36:Generated_Source\PSoC5/ISR_1m.c **** #ifndef CYINT_VECT_TABLE
  37:Generated_Source\PSoC5/ISR_1m.c **** #define CYINT_VECT_TABLE    ((cyisraddress **) CYREG_NVIC_VECT_OFFSET)
  38:Generated_Source\PSoC5/ISR_1m.c **** #endif /* CYINT_VECT_TABLE */
  39:Generated_Source\PSoC5/ISR_1m.c **** 
  40:Generated_Source\PSoC5/ISR_1m.c **** /* Declared in startup, used to set unused interrupts to. */
  41:Generated_Source\PSoC5/ISR_1m.c **** CY_ISR_PROTO(IntDefaultHandler);
  42:Generated_Source\PSoC5/ISR_1m.c **** 
  43:Generated_Source\PSoC5/ISR_1m.c **** 
  44:Generated_Source\PSoC5/ISR_1m.c **** /*******************************************************************************
  45:Generated_Source\PSoC5/ISR_1m.c **** * Function Name: ISR_1m_Start
  46:Generated_Source\PSoC5/ISR_1m.c **** ********************************************************************************
  47:Generated_Source\PSoC5/ISR_1m.c **** *
  48:Generated_Source\PSoC5/ISR_1m.c **** * Summary:
  49:Generated_Source\PSoC5/ISR_1m.c **** *  Set up the interrupt and enable it. This function disables the interrupt, 
  50:Generated_Source\PSoC5/ISR_1m.c **** *  sets the default interrupt vector, sets the priority from the value in the
  51:Generated_Source\PSoC5/ISR_1m.c **** *  Design Wide Resources Interrupt Editor, then enables the interrupt to the 
  52:Generated_Source\PSoC5/ISR_1m.c **** *  interrupt controller.
  53:Generated_Source\PSoC5/ISR_1m.c **** *
  54:Generated_Source\PSoC5/ISR_1m.c **** * Parameters:  
  55:Generated_Source\PSoC5/ISR_1m.c **** *   None
  56:Generated_Source\PSoC5/ISR_1m.c **** *
  57:Generated_Source\PSoC5/ISR_1m.c **** * Return:
  58:Generated_Source\PSoC5/ISR_1m.c **** *   None
  59:Generated_Source\PSoC5/ISR_1m.c **** *
  60:Generated_Source\PSoC5/ISR_1m.c **** *******************************************************************************/
  61:Generated_Source\PSoC5/ISR_1m.c **** void ISR_1m_Start(void)
  62:Generated_Source\PSoC5/ISR_1m.c **** {
  63:Generated_Source\PSoC5/ISR_1m.c ****     /* For all we know the interrupt is active. */
  64:Generated_Source\PSoC5/ISR_1m.c ****     ISR_1m_Disable();
  65:Generated_Source\PSoC5/ISR_1m.c **** 
  66:Generated_Source\PSoC5/ISR_1m.c ****     /* Set the ISR to point to the ISR_1m Interrupt. */
  67:Generated_Source\PSoC5/ISR_1m.c ****     ISR_1m_SetVector(&ISR_1m_Interrupt);
  68:Generated_Source\PSoC5/ISR_1m.c **** 
  69:Generated_Source\PSoC5/ISR_1m.c ****     /* Set the priority. */
  70:Generated_Source\PSoC5/ISR_1m.c ****     ISR_1m_SetPriority((uint8)ISR_1m_INTC_PRIOR_NUMBER);
  71:Generated_Source\PSoC5/ISR_1m.c **** 
  72:Generated_Source\PSoC5/ISR_1m.c ****     /* Enable it. */
  73:Generated_Source\PSoC5/ISR_1m.c ****     ISR_1m_Enable();
  74:Generated_Source\PSoC5/ISR_1m.c **** }
  75:Generated_Source\PSoC5/ISR_1m.c **** 
  76:Generated_Source\PSoC5/ISR_1m.c **** 
  77:Generated_Source\PSoC5/ISR_1m.c **** /*******************************************************************************
  78:Generated_Source\PSoC5/ISR_1m.c **** * Function Name: ISR_1m_StartEx
  79:Generated_Source\PSoC5/ISR_1m.c **** ********************************************************************************
  80:Generated_Source\PSoC5/ISR_1m.c **** *
  81:Generated_Source\PSoC5/ISR_1m.c **** * Summary:
  82:Generated_Source\PSoC5/ISR_1m.c **** *  Sets up the interrupt and enables it. This function disables the interrupt,
  83:Generated_Source\PSoC5/ISR_1m.c **** *  sets the interrupt vector based on the address passed in, sets the priority 
  84:Generated_Source\PSoC5/ISR_1m.c **** *  from the value in the Design Wide Resources Interrupt Editor, then enables 
  85:Generated_Source\PSoC5/ISR_1m.c **** *  the interrupt to the interrupt controller.
  86:Generated_Source\PSoC5/ISR_1m.c **** *  
  87:Generated_Source\PSoC5/ISR_1m.c **** *  When defining ISR functions, the CY_ISR and CY_ISR_PROTO macros should be 
ARM GAS  C:\Users\TYROLY~1\AppData\Local\Temp\ccUPDJmc.s 			page 3


  88:Generated_Source\PSoC5/ISR_1m.c **** *  used to provide consistent definition across compilers:
  89:Generated_Source\PSoC5/ISR_1m.c **** *  
  90:Generated_Source\PSoC5/ISR_1m.c **** *  Function definition example:
  91:Generated_Source\PSoC5/ISR_1m.c **** *   CY_ISR(MyISR)
  92:Generated_Source\PSoC5/ISR_1m.c **** *   {
  93:Generated_Source\PSoC5/ISR_1m.c **** *   }
  94:Generated_Source\PSoC5/ISR_1m.c **** *   Function prototype example:
  95:Generated_Source\PSoC5/ISR_1m.c **** *   CY_ISR_PROTO(MyISR);
  96:Generated_Source\PSoC5/ISR_1m.c **** *
  97:Generated_Source\PSoC5/ISR_1m.c **** * Parameters:  
  98:Generated_Source\PSoC5/ISR_1m.c **** *   address: Address of the ISR to set in the interrupt vector table.
  99:Generated_Source\PSoC5/ISR_1m.c **** *
 100:Generated_Source\PSoC5/ISR_1m.c **** * Return:
 101:Generated_Source\PSoC5/ISR_1m.c **** *   None
 102:Generated_Source\PSoC5/ISR_1m.c **** *
 103:Generated_Source\PSoC5/ISR_1m.c **** *******************************************************************************/
 104:Generated_Source\PSoC5/ISR_1m.c **** void ISR_1m_StartEx(cyisraddress address)
 105:Generated_Source\PSoC5/ISR_1m.c **** {
 106:Generated_Source\PSoC5/ISR_1m.c ****     /* For all we know the interrupt is active. */
 107:Generated_Source\PSoC5/ISR_1m.c ****     ISR_1m_Disable();
 108:Generated_Source\PSoC5/ISR_1m.c **** 
 109:Generated_Source\PSoC5/ISR_1m.c ****     /* Set the ISR to point to the ISR_1m Interrupt. */
 110:Generated_Source\PSoC5/ISR_1m.c ****     ISR_1m_SetVector(address);
 111:Generated_Source\PSoC5/ISR_1m.c **** 
 112:Generated_Source\PSoC5/ISR_1m.c ****     /* Set the priority. */
 113:Generated_Source\PSoC5/ISR_1m.c ****     ISR_1m_SetPriority((uint8)ISR_1m_INTC_PRIOR_NUMBER);
 114:Generated_Source\PSoC5/ISR_1m.c **** 
 115:Generated_Source\PSoC5/ISR_1m.c ****     /* Enable it. */
 116:Generated_Source\PSoC5/ISR_1m.c ****     ISR_1m_Enable();
 117:Generated_Source\PSoC5/ISR_1m.c **** }
 118:Generated_Source\PSoC5/ISR_1m.c **** 
 119:Generated_Source\PSoC5/ISR_1m.c **** 
 120:Generated_Source\PSoC5/ISR_1m.c **** /*******************************************************************************
 121:Generated_Source\PSoC5/ISR_1m.c **** * Function Name: ISR_1m_Stop
 122:Generated_Source\PSoC5/ISR_1m.c **** ********************************************************************************
 123:Generated_Source\PSoC5/ISR_1m.c **** *
 124:Generated_Source\PSoC5/ISR_1m.c **** * Summary:
 125:Generated_Source\PSoC5/ISR_1m.c **** *   Disables and removes the interrupt.
 126:Generated_Source\PSoC5/ISR_1m.c **** *
 127:Generated_Source\PSoC5/ISR_1m.c **** * Parameters:  
 128:Generated_Source\PSoC5/ISR_1m.c **** *   None
 129:Generated_Source\PSoC5/ISR_1m.c **** *
 130:Generated_Source\PSoC5/ISR_1m.c **** * Return:
 131:Generated_Source\PSoC5/ISR_1m.c **** *   None
 132:Generated_Source\PSoC5/ISR_1m.c **** *
 133:Generated_Source\PSoC5/ISR_1m.c **** *******************************************************************************/
 134:Generated_Source\PSoC5/ISR_1m.c **** void ISR_1m_Stop(void)
 135:Generated_Source\PSoC5/ISR_1m.c **** {
 136:Generated_Source\PSoC5/ISR_1m.c ****     /* Disable this interrupt. */
 137:Generated_Source\PSoC5/ISR_1m.c ****     ISR_1m_Disable();
 138:Generated_Source\PSoC5/ISR_1m.c **** 
 139:Generated_Source\PSoC5/ISR_1m.c ****     /* Set the ISR to point to the passive one. */
 140:Generated_Source\PSoC5/ISR_1m.c ****     ISR_1m_SetVector(&IntDefaultHandler);
 141:Generated_Source\PSoC5/ISR_1m.c **** }
 142:Generated_Source\PSoC5/ISR_1m.c **** 
 143:Generated_Source\PSoC5/ISR_1m.c **** 
 144:Generated_Source\PSoC5/ISR_1m.c **** /*******************************************************************************
ARM GAS  C:\Users\TYROLY~1\AppData\Local\Temp\ccUPDJmc.s 			page 4


 145:Generated_Source\PSoC5/ISR_1m.c **** * Function Name: ISR_1m_Interrupt
 146:Generated_Source\PSoC5/ISR_1m.c **** ********************************************************************************
 147:Generated_Source\PSoC5/ISR_1m.c **** *
 148:Generated_Source\PSoC5/ISR_1m.c **** * Summary:
 149:Generated_Source\PSoC5/ISR_1m.c **** *   The default Interrupt Service Routine for ISR_1m.
 150:Generated_Source\PSoC5/ISR_1m.c **** *
 151:Generated_Source\PSoC5/ISR_1m.c **** *   Add custom code between the coments to keep the next version of this file
 152:Generated_Source\PSoC5/ISR_1m.c **** *   from over writting your code.
 153:Generated_Source\PSoC5/ISR_1m.c **** *
 154:Generated_Source\PSoC5/ISR_1m.c **** * Parameters:  
 155:Generated_Source\PSoC5/ISR_1m.c **** *
 156:Generated_Source\PSoC5/ISR_1m.c **** * Return:
 157:Generated_Source\PSoC5/ISR_1m.c **** *   None
 158:Generated_Source\PSoC5/ISR_1m.c **** *
 159:Generated_Source\PSoC5/ISR_1m.c **** *******************************************************************************/
 160:Generated_Source\PSoC5/ISR_1m.c **** CY_ISR(ISR_1m_Interrupt)
 161:Generated_Source\PSoC5/ISR_1m.c **** {
  28              		.loc 1 161 0
  29              		.cfi_startproc
  30              		@ args = 0, pretend = 0, frame = 0
  31              		@ frame_needed = 0, uses_anonymous_args = 0
  32 0000 08B5     		push	{r3, lr}
  33              		.cfi_def_cfa_offset 8
  34              		.cfi_offset 3, -8
  35              		.cfi_offset 14, -4
 162:Generated_Source\PSoC5/ISR_1m.c ****     #ifdef ISR_1m_INTERRUPT_INTERRUPT_CALLBACK
 163:Generated_Source\PSoC5/ISR_1m.c ****         ISR_1m_Interrupt_InterruptCallback();
 164:Generated_Source\PSoC5/ISR_1m.c ****     #endif /* ISR_1m_INTERRUPT_INTERRUPT_CALLBACK */ 
 165:Generated_Source\PSoC5/ISR_1m.c **** 
 166:Generated_Source\PSoC5/ISR_1m.c ****     /*  Place your Interrupt code here. */
 167:Generated_Source\PSoC5/ISR_1m.c ****     /* `#START ISR_1m_Interrupt` */
 168:Generated_Source\PSoC5/ISR_1m.c **** 
 169:Generated_Source\PSoC5/ISR_1m.c **** #include "isrs.h"
 170:Generated_Source\PSoC5/ISR_1m.c ****     isr_timer();
  36              		.loc 1 170 0
  37 0002 FFF7FEFF 		bl	isr_timer
  38              	.LVL0:
  39 0006 08BD     		pop	{r3, pc}
  40              		.cfi_endproc
  41              	.LFE3:
  42              		.size	ISR_1m_Interrupt, .-ISR_1m_Interrupt
  43              		.section	.text.ISR_1m_SetVector,"ax",%progbits
  44              		.align	2
  45              		.global	ISR_1m_SetVector
  46              		.thumb
  47              		.thumb_func
  48              		.type	ISR_1m_SetVector, %function
  49              	ISR_1m_SetVector:
  50              	.LFB4:
 171:Generated_Source\PSoC5/ISR_1m.c ****     /* `#END` */
 172:Generated_Source\PSoC5/ISR_1m.c **** }
 173:Generated_Source\PSoC5/ISR_1m.c **** 
 174:Generated_Source\PSoC5/ISR_1m.c **** 
 175:Generated_Source\PSoC5/ISR_1m.c **** /*******************************************************************************
 176:Generated_Source\PSoC5/ISR_1m.c **** * Function Name: ISR_1m_SetVector
 177:Generated_Source\PSoC5/ISR_1m.c **** ********************************************************************************
 178:Generated_Source\PSoC5/ISR_1m.c **** *
ARM GAS  C:\Users\TYROLY~1\AppData\Local\Temp\ccUPDJmc.s 			page 5


 179:Generated_Source\PSoC5/ISR_1m.c **** * Summary:
 180:Generated_Source\PSoC5/ISR_1m.c **** *   Change the ISR vector for the Interrupt. Note calling ISR_1m_Start
 181:Generated_Source\PSoC5/ISR_1m.c **** *   will override any effect this method would have had. To set the vector 
 182:Generated_Source\PSoC5/ISR_1m.c **** *   before the component has been started use ISR_1m_StartEx instead.
 183:Generated_Source\PSoC5/ISR_1m.c **** * 
 184:Generated_Source\PSoC5/ISR_1m.c **** *   When defining ISR functions, the CY_ISR and CY_ISR_PROTO macros should be 
 185:Generated_Source\PSoC5/ISR_1m.c **** *   used to provide consistent definition across compilers:
 186:Generated_Source\PSoC5/ISR_1m.c **** *
 187:Generated_Source\PSoC5/ISR_1m.c **** *   Function definition example:
 188:Generated_Source\PSoC5/ISR_1m.c **** *   CY_ISR(MyISR)
 189:Generated_Source\PSoC5/ISR_1m.c **** *   {
 190:Generated_Source\PSoC5/ISR_1m.c **** *   }
 191:Generated_Source\PSoC5/ISR_1m.c **** *
 192:Generated_Source\PSoC5/ISR_1m.c **** *   Function prototype example:
 193:Generated_Source\PSoC5/ISR_1m.c **** *     CY_ISR_PROTO(MyISR);
 194:Generated_Source\PSoC5/ISR_1m.c **** *
 195:Generated_Source\PSoC5/ISR_1m.c **** * Parameters:
 196:Generated_Source\PSoC5/ISR_1m.c **** *   address: Address of the ISR to set in the interrupt vector table.
 197:Generated_Source\PSoC5/ISR_1m.c **** *
 198:Generated_Source\PSoC5/ISR_1m.c **** * Return:
 199:Generated_Source\PSoC5/ISR_1m.c **** *   None
 200:Generated_Source\PSoC5/ISR_1m.c **** *
 201:Generated_Source\PSoC5/ISR_1m.c **** *******************************************************************************/
 202:Generated_Source\PSoC5/ISR_1m.c **** void ISR_1m_SetVector(cyisraddress address)
 203:Generated_Source\PSoC5/ISR_1m.c **** {
  51              		.loc 1 203 0
  52              		.cfi_startproc
  53              		@ args = 0, pretend = 0, frame = 0
  54              		@ frame_needed = 0, uses_anonymous_args = 0
  55              		@ link register save eliminated.
  56              	.LVL1:
 204:Generated_Source\PSoC5/ISR_1m.c ****     cyisraddress * ramVectorTable;
 205:Generated_Source\PSoC5/ISR_1m.c **** 
 206:Generated_Source\PSoC5/ISR_1m.c ****     ramVectorTable = (cyisraddress *) *CYINT_VECT_TABLE;
  57              		.loc 1 206 0
  58 0000 014B     		ldr	r3, .L4
  59 0002 1B68     		ldr	r3, [r3]
  60              	.LVL2:
 207:Generated_Source\PSoC5/ISR_1m.c **** 
 208:Generated_Source\PSoC5/ISR_1m.c ****     ramVectorTable[CYINT_IRQ_BASE + (uint32)ISR_1m__INTC_NUMBER] = address;
  61              		.loc 1 208 0
  62 0004 1864     		str	r0, [r3, #64]
  63 0006 7047     		bx	lr
  64              	.L5:
  65              		.align	2
  66              	.L4:
  67 0008 08ED00E0 		.word	-536810232
  68              		.cfi_endproc
  69              	.LFE4:
  70              		.size	ISR_1m_SetVector, .-ISR_1m_SetVector
  71              		.section	.text.ISR_1m_GetVector,"ax",%progbits
  72              		.align	2
  73              		.global	ISR_1m_GetVector
  74              		.thumb
  75              		.thumb_func
  76              		.type	ISR_1m_GetVector, %function
  77              	ISR_1m_GetVector:
ARM GAS  C:\Users\TYROLY~1\AppData\Local\Temp\ccUPDJmc.s 			page 6


  78              	.LFB5:
 209:Generated_Source\PSoC5/ISR_1m.c **** }
 210:Generated_Source\PSoC5/ISR_1m.c **** 
 211:Generated_Source\PSoC5/ISR_1m.c **** 
 212:Generated_Source\PSoC5/ISR_1m.c **** /*******************************************************************************
 213:Generated_Source\PSoC5/ISR_1m.c **** * Function Name: ISR_1m_GetVector
 214:Generated_Source\PSoC5/ISR_1m.c **** ********************************************************************************
 215:Generated_Source\PSoC5/ISR_1m.c **** *
 216:Generated_Source\PSoC5/ISR_1m.c **** * Summary:
 217:Generated_Source\PSoC5/ISR_1m.c **** *   Gets the "address" of the current ISR vector for the Interrupt.
 218:Generated_Source\PSoC5/ISR_1m.c **** *
 219:Generated_Source\PSoC5/ISR_1m.c **** * Parameters:
 220:Generated_Source\PSoC5/ISR_1m.c **** *   None
 221:Generated_Source\PSoC5/ISR_1m.c **** *
 222:Generated_Source\PSoC5/ISR_1m.c **** * Return:
 223:Generated_Source\PSoC5/ISR_1m.c **** *   Address of the ISR in the interrupt vector table.
 224:Generated_Source\PSoC5/ISR_1m.c **** *
 225:Generated_Source\PSoC5/ISR_1m.c **** *******************************************************************************/
 226:Generated_Source\PSoC5/ISR_1m.c **** cyisraddress ISR_1m_GetVector(void)
 227:Generated_Source\PSoC5/ISR_1m.c **** {
  79              		.loc 1 227 0
  80              		.cfi_startproc
  81              		@ args = 0, pretend = 0, frame = 0
  82              		@ frame_needed = 0, uses_anonymous_args = 0
  83              		@ link register save eliminated.
 228:Generated_Source\PSoC5/ISR_1m.c ****     cyisraddress * ramVectorTable;
 229:Generated_Source\PSoC5/ISR_1m.c **** 
 230:Generated_Source\PSoC5/ISR_1m.c ****     ramVectorTable = (cyisraddress *) *CYINT_VECT_TABLE;
  84              		.loc 1 230 0
  85 0000 014B     		ldr	r3, .L7
  86 0002 1B68     		ldr	r3, [r3]
  87              	.LVL3:
 231:Generated_Source\PSoC5/ISR_1m.c **** 
 232:Generated_Source\PSoC5/ISR_1m.c ****     return ramVectorTable[CYINT_IRQ_BASE + (uint32)ISR_1m__INTC_NUMBER];
 233:Generated_Source\PSoC5/ISR_1m.c **** }
  88              		.loc 1 233 0
  89 0004 186C     		ldr	r0, [r3, #64]
  90 0006 7047     		bx	lr
  91              	.L8:
  92              		.align	2
  93              	.L7:
  94 0008 08ED00E0 		.word	-536810232
  95              		.cfi_endproc
  96              	.LFE5:
  97              		.size	ISR_1m_GetVector, .-ISR_1m_GetVector
  98              		.section	.text.ISR_1m_SetPriority,"ax",%progbits
  99              		.align	2
 100              		.global	ISR_1m_SetPriority
 101              		.thumb
 102              		.thumb_func
 103              		.type	ISR_1m_SetPriority, %function
 104              	ISR_1m_SetPriority:
 105              	.LFB6:
 234:Generated_Source\PSoC5/ISR_1m.c **** 
 235:Generated_Source\PSoC5/ISR_1m.c **** 
 236:Generated_Source\PSoC5/ISR_1m.c **** /*******************************************************************************
 237:Generated_Source\PSoC5/ISR_1m.c **** * Function Name: ISR_1m_SetPriority
ARM GAS  C:\Users\TYROLY~1\AppData\Local\Temp\ccUPDJmc.s 			page 7


 238:Generated_Source\PSoC5/ISR_1m.c **** ********************************************************************************
 239:Generated_Source\PSoC5/ISR_1m.c **** *
 240:Generated_Source\PSoC5/ISR_1m.c **** * Summary:
 241:Generated_Source\PSoC5/ISR_1m.c **** *   Sets the Priority of the Interrupt. 
 242:Generated_Source\PSoC5/ISR_1m.c **** *
 243:Generated_Source\PSoC5/ISR_1m.c **** *   Note calling ISR_1m_Start or ISR_1m_StartEx will 
 244:Generated_Source\PSoC5/ISR_1m.c **** *   override any effect this API would have had. This API should only be called
 245:Generated_Source\PSoC5/ISR_1m.c **** *   after ISR_1m_Start or ISR_1m_StartEx has been called. 
 246:Generated_Source\PSoC5/ISR_1m.c **** *   To set the initial priority for the component, use the Design-Wide Resources
 247:Generated_Source\PSoC5/ISR_1m.c **** *   Interrupt Editor.
 248:Generated_Source\PSoC5/ISR_1m.c **** *
 249:Generated_Source\PSoC5/ISR_1m.c **** *   Note This API has no effect on Non-maskable interrupt NMI).
 250:Generated_Source\PSoC5/ISR_1m.c **** *
 251:Generated_Source\PSoC5/ISR_1m.c **** * Parameters:
 252:Generated_Source\PSoC5/ISR_1m.c **** *   priority: Priority of the interrupt, 0 being the highest priority
 253:Generated_Source\PSoC5/ISR_1m.c **** *             PSoC 3 and PSoC 5LP: Priority is from 0 to 7.
 254:Generated_Source\PSoC5/ISR_1m.c **** *             PSoC 4: Priority is from 0 to 3.
 255:Generated_Source\PSoC5/ISR_1m.c **** *
 256:Generated_Source\PSoC5/ISR_1m.c **** * Return:
 257:Generated_Source\PSoC5/ISR_1m.c **** *   None
 258:Generated_Source\PSoC5/ISR_1m.c **** *
 259:Generated_Source\PSoC5/ISR_1m.c **** *******************************************************************************/
 260:Generated_Source\PSoC5/ISR_1m.c **** void ISR_1m_SetPriority(uint8 priority)
 261:Generated_Source\PSoC5/ISR_1m.c **** {
 106              		.loc 1 261 0
 107              		.cfi_startproc
 108              		@ args = 0, pretend = 0, frame = 0
 109              		@ frame_needed = 0, uses_anonymous_args = 0
 110              		@ link register save eliminated.
 111              	.LVL4:
 262:Generated_Source\PSoC5/ISR_1m.c ****     *ISR_1m_INTC_PRIOR = priority << 5;
 112              		.loc 1 262 0
 113 0000 4001     		lsls	r0, r0, #5
 114              	.LVL5:
 115 0002 C0B2     		uxtb	r0, r0
 116 0004 014B     		ldr	r3, .L10
 117 0006 1870     		strb	r0, [r3]
 118 0008 7047     		bx	lr
 119              	.L11:
 120 000a 00BF     		.align	2
 121              	.L10:
 122 000c 00E400E0 		.word	-536812544
 123              		.cfi_endproc
 124              	.LFE6:
 125              		.size	ISR_1m_SetPriority, .-ISR_1m_SetPriority
 126              		.section	.text.ISR_1m_GetPriority,"ax",%progbits
 127              		.align	2
 128              		.global	ISR_1m_GetPriority
 129              		.thumb
 130              		.thumb_func
 131              		.type	ISR_1m_GetPriority, %function
 132              	ISR_1m_GetPriority:
 133              	.LFB7:
 263:Generated_Source\PSoC5/ISR_1m.c **** }
 264:Generated_Source\PSoC5/ISR_1m.c **** 
 265:Generated_Source\PSoC5/ISR_1m.c **** 
 266:Generated_Source\PSoC5/ISR_1m.c **** /*******************************************************************************
ARM GAS  C:\Users\TYROLY~1\AppData\Local\Temp\ccUPDJmc.s 			page 8


 267:Generated_Source\PSoC5/ISR_1m.c **** * Function Name: ISR_1m_GetPriority
 268:Generated_Source\PSoC5/ISR_1m.c **** ********************************************************************************
 269:Generated_Source\PSoC5/ISR_1m.c **** *
 270:Generated_Source\PSoC5/ISR_1m.c **** * Summary:
 271:Generated_Source\PSoC5/ISR_1m.c **** *   Gets the Priority of the Interrupt.
 272:Generated_Source\PSoC5/ISR_1m.c **** *
 273:Generated_Source\PSoC5/ISR_1m.c **** * Parameters:
 274:Generated_Source\PSoC5/ISR_1m.c **** *   None
 275:Generated_Source\PSoC5/ISR_1m.c **** *
 276:Generated_Source\PSoC5/ISR_1m.c **** * Return:
 277:Generated_Source\PSoC5/ISR_1m.c **** *   Priority of the interrupt, 0 being the highest priority
 278:Generated_Source\PSoC5/ISR_1m.c **** *    PSoC 3 and PSoC 5LP: Priority is from 0 to 7.
 279:Generated_Source\PSoC5/ISR_1m.c **** *    PSoC 4: Priority is from 0 to 3.
 280:Generated_Source\PSoC5/ISR_1m.c **** *
 281:Generated_Source\PSoC5/ISR_1m.c **** *******************************************************************************/
 282:Generated_Source\PSoC5/ISR_1m.c **** uint8 ISR_1m_GetPriority(void)
 283:Generated_Source\PSoC5/ISR_1m.c **** {
 134              		.loc 1 283 0
 135              		.cfi_startproc
 136              		@ args = 0, pretend = 0, frame = 0
 137              		@ frame_needed = 0, uses_anonymous_args = 0
 138              		@ link register save eliminated.
 284:Generated_Source\PSoC5/ISR_1m.c ****     uint8 priority;
 285:Generated_Source\PSoC5/ISR_1m.c **** 
 286:Generated_Source\PSoC5/ISR_1m.c **** 
 287:Generated_Source\PSoC5/ISR_1m.c ****     priority = *ISR_1m_INTC_PRIOR >> 5;
 139              		.loc 1 287 0
 140 0000 014B     		ldr	r3, .L13
 141 0002 1878     		ldrb	r0, [r3]	@ zero_extendqisi2
 142              	.LVL6:
 288:Generated_Source\PSoC5/ISR_1m.c **** 
 289:Generated_Source\PSoC5/ISR_1m.c ****     return priority;
 290:Generated_Source\PSoC5/ISR_1m.c **** }
 143              		.loc 1 290 0
 144 0004 4009     		lsrs	r0, r0, #5
 145              	.LVL7:
 146 0006 7047     		bx	lr
 147              	.L14:
 148              		.align	2
 149              	.L13:
 150 0008 00E400E0 		.word	-536812544
 151              		.cfi_endproc
 152              	.LFE7:
 153              		.size	ISR_1m_GetPriority, .-ISR_1m_GetPriority
 154              		.section	.text.ISR_1m_Enable,"ax",%progbits
 155              		.align	2
 156              		.global	ISR_1m_Enable
 157              		.thumb
 158              		.thumb_func
 159              		.type	ISR_1m_Enable, %function
 160              	ISR_1m_Enable:
 161              	.LFB8:
 291:Generated_Source\PSoC5/ISR_1m.c **** 
 292:Generated_Source\PSoC5/ISR_1m.c **** 
 293:Generated_Source\PSoC5/ISR_1m.c **** /*******************************************************************************
 294:Generated_Source\PSoC5/ISR_1m.c **** * Function Name: ISR_1m_Enable
 295:Generated_Source\PSoC5/ISR_1m.c **** ********************************************************************************
ARM GAS  C:\Users\TYROLY~1\AppData\Local\Temp\ccUPDJmc.s 			page 9


 296:Generated_Source\PSoC5/ISR_1m.c **** *
 297:Generated_Source\PSoC5/ISR_1m.c **** * Summary:
 298:Generated_Source\PSoC5/ISR_1m.c **** *   Enables the interrupt to the interrupt controller. Do not call this function
 299:Generated_Source\PSoC5/ISR_1m.c **** *   unless ISR_Start() has been called or the functionality of the ISR_Start() 
 300:Generated_Source\PSoC5/ISR_1m.c **** *   function, which sets the vector and the priority, has been called.
 301:Generated_Source\PSoC5/ISR_1m.c **** *
 302:Generated_Source\PSoC5/ISR_1m.c **** * Parameters:
 303:Generated_Source\PSoC5/ISR_1m.c **** *   None
 304:Generated_Source\PSoC5/ISR_1m.c **** *
 305:Generated_Source\PSoC5/ISR_1m.c **** * Return:
 306:Generated_Source\PSoC5/ISR_1m.c **** *   None
 307:Generated_Source\PSoC5/ISR_1m.c **** *
 308:Generated_Source\PSoC5/ISR_1m.c **** *******************************************************************************/
 309:Generated_Source\PSoC5/ISR_1m.c **** void ISR_1m_Enable(void)
 310:Generated_Source\PSoC5/ISR_1m.c **** {
 162              		.loc 1 310 0
 163              		.cfi_startproc
 164              		@ args = 0, pretend = 0, frame = 0
 165              		@ frame_needed = 0, uses_anonymous_args = 0
 166              		@ link register save eliminated.
 311:Generated_Source\PSoC5/ISR_1m.c ****     /* Enable the general interrupt. */
 312:Generated_Source\PSoC5/ISR_1m.c ****     *ISR_1m_INTC_SET_EN = ISR_1m__INTC_MASK;
 167              		.loc 1 312 0
 168 0000 0122     		movs	r2, #1
 169 0002 014B     		ldr	r3, .L16
 170 0004 1A60     		str	r2, [r3]
 171 0006 7047     		bx	lr
 172              	.L17:
 173              		.align	2
 174              	.L16:
 175 0008 00E100E0 		.word	-536813312
 176              		.cfi_endproc
 177              	.LFE8:
 178              		.size	ISR_1m_Enable, .-ISR_1m_Enable
 179              		.section	.text.ISR_1m_GetState,"ax",%progbits
 180              		.align	2
 181              		.global	ISR_1m_GetState
 182              		.thumb
 183              		.thumb_func
 184              		.type	ISR_1m_GetState, %function
 185              	ISR_1m_GetState:
 186              	.LFB9:
 313:Generated_Source\PSoC5/ISR_1m.c **** }
 314:Generated_Source\PSoC5/ISR_1m.c **** 
 315:Generated_Source\PSoC5/ISR_1m.c **** 
 316:Generated_Source\PSoC5/ISR_1m.c **** /*******************************************************************************
 317:Generated_Source\PSoC5/ISR_1m.c **** * Function Name: ISR_1m_GetState
 318:Generated_Source\PSoC5/ISR_1m.c **** ********************************************************************************
 319:Generated_Source\PSoC5/ISR_1m.c **** *
 320:Generated_Source\PSoC5/ISR_1m.c **** * Summary:
 321:Generated_Source\PSoC5/ISR_1m.c **** *   Gets the state (enabled, disabled) of the Interrupt.
 322:Generated_Source\PSoC5/ISR_1m.c **** *
 323:Generated_Source\PSoC5/ISR_1m.c **** * Parameters:
 324:Generated_Source\PSoC5/ISR_1m.c **** *   None
 325:Generated_Source\PSoC5/ISR_1m.c **** *
 326:Generated_Source\PSoC5/ISR_1m.c **** * Return:
 327:Generated_Source\PSoC5/ISR_1m.c **** *   1 if enabled, 0 if disabled.
ARM GAS  C:\Users\TYROLY~1\AppData\Local\Temp\ccUPDJmc.s 			page 10


 328:Generated_Source\PSoC5/ISR_1m.c **** *
 329:Generated_Source\PSoC5/ISR_1m.c **** *******************************************************************************/
 330:Generated_Source\PSoC5/ISR_1m.c **** uint8 ISR_1m_GetState(void)
 331:Generated_Source\PSoC5/ISR_1m.c **** {
 187              		.loc 1 331 0
 188              		.cfi_startproc
 189              		@ args = 0, pretend = 0, frame = 0
 190              		@ frame_needed = 0, uses_anonymous_args = 0
 191              		@ link register save eliminated.
 332:Generated_Source\PSoC5/ISR_1m.c ****     /* Get the state of the general interrupt. */
 333:Generated_Source\PSoC5/ISR_1m.c ****     return ((*ISR_1m_INTC_SET_EN & (uint32)ISR_1m__INTC_MASK) != 0u) ? 1u:0u;
 192              		.loc 1 333 0
 193 0000 024B     		ldr	r3, .L19
 194 0002 1868     		ldr	r0, [r3]
 334:Generated_Source\PSoC5/ISR_1m.c **** }
 195              		.loc 1 334 0
 196 0004 00F00100 		and	r0, r0, #1
 197 0008 7047     		bx	lr
 198              	.L20:
 199 000a 00BF     		.align	2
 200              	.L19:
 201 000c 00E100E0 		.word	-536813312
 202              		.cfi_endproc
 203              	.LFE9:
 204              		.size	ISR_1m_GetState, .-ISR_1m_GetState
 205              		.section	.text.ISR_1m_Disable,"ax",%progbits
 206              		.align	2
 207              		.global	ISR_1m_Disable
 208              		.thumb
 209              		.thumb_func
 210              		.type	ISR_1m_Disable, %function
 211              	ISR_1m_Disable:
 212              	.LFB10:
 335:Generated_Source\PSoC5/ISR_1m.c **** 
 336:Generated_Source\PSoC5/ISR_1m.c **** 
 337:Generated_Source\PSoC5/ISR_1m.c **** /*******************************************************************************
 338:Generated_Source\PSoC5/ISR_1m.c **** * Function Name: ISR_1m_Disable
 339:Generated_Source\PSoC5/ISR_1m.c **** ********************************************************************************
 340:Generated_Source\PSoC5/ISR_1m.c **** *
 341:Generated_Source\PSoC5/ISR_1m.c **** * Summary:
 342:Generated_Source\PSoC5/ISR_1m.c **** *   Disables the Interrupt in the interrupt controller.
 343:Generated_Source\PSoC5/ISR_1m.c **** *
 344:Generated_Source\PSoC5/ISR_1m.c **** * Parameters:
 345:Generated_Source\PSoC5/ISR_1m.c **** *   None
 346:Generated_Source\PSoC5/ISR_1m.c **** *
 347:Generated_Source\PSoC5/ISR_1m.c **** * Return:
 348:Generated_Source\PSoC5/ISR_1m.c **** *   None
 349:Generated_Source\PSoC5/ISR_1m.c **** *
 350:Generated_Source\PSoC5/ISR_1m.c **** *******************************************************************************/
 351:Generated_Source\PSoC5/ISR_1m.c **** void ISR_1m_Disable(void)
 352:Generated_Source\PSoC5/ISR_1m.c **** {
 213              		.loc 1 352 0
 214              		.cfi_startproc
 215              		@ args = 0, pretend = 0, frame = 0
 216              		@ frame_needed = 0, uses_anonymous_args = 0
 217              		@ link register save eliminated.
 353:Generated_Source\PSoC5/ISR_1m.c ****     /* Disable the general interrupt. */
ARM GAS  C:\Users\TYROLY~1\AppData\Local\Temp\ccUPDJmc.s 			page 11


 354:Generated_Source\PSoC5/ISR_1m.c ****     *ISR_1m_INTC_CLR_EN = ISR_1m__INTC_MASK;
 218              		.loc 1 354 0
 219 0000 0122     		movs	r2, #1
 220 0002 014B     		ldr	r3, .L22
 221 0004 1A60     		str	r2, [r3]
 222 0006 7047     		bx	lr
 223              	.L23:
 224              		.align	2
 225              	.L22:
 226 0008 80E100E0 		.word	-536813184
 227              		.cfi_endproc
 228              	.LFE10:
 229              		.size	ISR_1m_Disable, .-ISR_1m_Disable
 230              		.section	.text.ISR_1m_Start,"ax",%progbits
 231              		.align	2
 232              		.global	ISR_1m_Start
 233              		.thumb
 234              		.thumb_func
 235              		.type	ISR_1m_Start, %function
 236              	ISR_1m_Start:
 237              	.LFB0:
  62:Generated_Source\PSoC5/ISR_1m.c ****     /* For all we know the interrupt is active. */
 238              		.loc 1 62 0
 239              		.cfi_startproc
 240              		@ args = 0, pretend = 0, frame = 0
 241              		@ frame_needed = 0, uses_anonymous_args = 0
 242 0000 08B5     		push	{r3, lr}
 243              		.cfi_def_cfa_offset 8
 244              		.cfi_offset 3, -8
 245              		.cfi_offset 14, -4
  64:Generated_Source\PSoC5/ISR_1m.c **** 
 246              		.loc 1 64 0
 247 0002 FFF7FEFF 		bl	ISR_1m_Disable
 248              	.LVL8:
  67:Generated_Source\PSoC5/ISR_1m.c **** 
 249              		.loc 1 67 0
 250 0006 0448     		ldr	r0, .L26
 251 0008 FFF7FEFF 		bl	ISR_1m_SetVector
 252              	.LVL9:
  70:Generated_Source\PSoC5/ISR_1m.c **** 
 253              		.loc 1 70 0
 254 000c 0720     		movs	r0, #7
 255 000e FFF7FEFF 		bl	ISR_1m_SetPriority
 256              	.LVL10:
  73:Generated_Source\PSoC5/ISR_1m.c **** }
 257              		.loc 1 73 0
 258 0012 FFF7FEFF 		bl	ISR_1m_Enable
 259              	.LVL11:
 260 0016 08BD     		pop	{r3, pc}
 261              	.L27:
 262              		.align	2
 263              	.L26:
 264 0018 00000000 		.word	ISR_1m_Interrupt
 265              		.cfi_endproc
 266              	.LFE0:
 267              		.size	ISR_1m_Start, .-ISR_1m_Start
 268              		.section	.text.ISR_1m_StartEx,"ax",%progbits
ARM GAS  C:\Users\TYROLY~1\AppData\Local\Temp\ccUPDJmc.s 			page 12


 269              		.align	2
 270              		.global	ISR_1m_StartEx
 271              		.thumb
 272              		.thumb_func
 273              		.type	ISR_1m_StartEx, %function
 274              	ISR_1m_StartEx:
 275              	.LFB1:
 105:Generated_Source\PSoC5/ISR_1m.c ****     /* For all we know the interrupt is active. */
 276              		.loc 1 105 0
 277              		.cfi_startproc
 278              		@ args = 0, pretend = 0, frame = 0
 279              		@ frame_needed = 0, uses_anonymous_args = 0
 280              	.LVL12:
 281 0000 10B5     		push	{r4, lr}
 282              		.cfi_def_cfa_offset 8
 283              		.cfi_offset 4, -8
 284              		.cfi_offset 14, -4
 285 0002 0446     		mov	r4, r0
 107:Generated_Source\PSoC5/ISR_1m.c **** 
 286              		.loc 1 107 0
 287 0004 FFF7FEFF 		bl	ISR_1m_Disable
 288              	.LVL13:
 110:Generated_Source\PSoC5/ISR_1m.c **** 
 289              		.loc 1 110 0
 290 0008 2046     		mov	r0, r4
 291 000a FFF7FEFF 		bl	ISR_1m_SetVector
 292              	.LVL14:
 113:Generated_Source\PSoC5/ISR_1m.c **** 
 293              		.loc 1 113 0
 294 000e 0720     		movs	r0, #7
 295 0010 FFF7FEFF 		bl	ISR_1m_SetPriority
 296              	.LVL15:
 116:Generated_Source\PSoC5/ISR_1m.c **** }
 297              		.loc 1 116 0
 298 0014 FFF7FEFF 		bl	ISR_1m_Enable
 299              	.LVL16:
 300 0018 10BD     		pop	{r4, pc}
 301              		.cfi_endproc
 302              	.LFE1:
 303              		.size	ISR_1m_StartEx, .-ISR_1m_StartEx
 304 001a 00BF     		.section	.text.ISR_1m_Stop,"ax",%progbits
 305              		.align	2
 306              		.global	ISR_1m_Stop
 307              		.thumb
 308              		.thumb_func
 309              		.type	ISR_1m_Stop, %function
 310              	ISR_1m_Stop:
 311              	.LFB2:
 135:Generated_Source\PSoC5/ISR_1m.c ****     /* Disable this interrupt. */
 312              		.loc 1 135 0
 313              		.cfi_startproc
 314              		@ args = 0, pretend = 0, frame = 0
 315              		@ frame_needed = 0, uses_anonymous_args = 0
 316 0000 08B5     		push	{r3, lr}
 317              		.cfi_def_cfa_offset 8
 318              		.cfi_offset 3, -8
 319              		.cfi_offset 14, -4
ARM GAS  C:\Users\TYROLY~1\AppData\Local\Temp\ccUPDJmc.s 			page 13


 137:Generated_Source\PSoC5/ISR_1m.c **** 
 320              		.loc 1 137 0
 321 0002 FFF7FEFF 		bl	ISR_1m_Disable
 322              	.LVL17:
 140:Generated_Source\PSoC5/ISR_1m.c **** }
 323              		.loc 1 140 0
 324 0006 0248     		ldr	r0, .L32
 325 0008 FFF7FEFF 		bl	ISR_1m_SetVector
 326              	.LVL18:
 327 000c 08BD     		pop	{r3, pc}
 328              	.L33:
 329 000e 00BF     		.align	2
 330              	.L32:
 331 0010 00000000 		.word	IntDefaultHandler
 332              		.cfi_endproc
 333              	.LFE2:
 334              		.size	ISR_1m_Stop, .-ISR_1m_Stop
 335              		.section	.text.ISR_1m_SetPending,"ax",%progbits
 336              		.align	2
 337              		.global	ISR_1m_SetPending
 338              		.thumb
 339              		.thumb_func
 340              		.type	ISR_1m_SetPending, %function
 341              	ISR_1m_SetPending:
 342              	.LFB11:
 355:Generated_Source\PSoC5/ISR_1m.c **** }
 356:Generated_Source\PSoC5/ISR_1m.c **** 
 357:Generated_Source\PSoC5/ISR_1m.c **** 
 358:Generated_Source\PSoC5/ISR_1m.c **** /*******************************************************************************
 359:Generated_Source\PSoC5/ISR_1m.c **** * Function Name: ISR_1m_SetPending
 360:Generated_Source\PSoC5/ISR_1m.c **** ********************************************************************************
 361:Generated_Source\PSoC5/ISR_1m.c **** *
 362:Generated_Source\PSoC5/ISR_1m.c **** * Summary:
 363:Generated_Source\PSoC5/ISR_1m.c **** *   Causes the Interrupt to enter the pending state, a software method of
 364:Generated_Source\PSoC5/ISR_1m.c **** *   generating the interrupt.
 365:Generated_Source\PSoC5/ISR_1m.c **** *
 366:Generated_Source\PSoC5/ISR_1m.c **** * Parameters:
 367:Generated_Source\PSoC5/ISR_1m.c **** *   None
 368:Generated_Source\PSoC5/ISR_1m.c **** *
 369:Generated_Source\PSoC5/ISR_1m.c **** * Return:
 370:Generated_Source\PSoC5/ISR_1m.c **** *   None
 371:Generated_Source\PSoC5/ISR_1m.c **** *
 372:Generated_Source\PSoC5/ISR_1m.c **** * Side Effects:
 373:Generated_Source\PSoC5/ISR_1m.c **** *   If interrupts are enabled and the interrupt is set up properly, the ISR is
 374:Generated_Source\PSoC5/ISR_1m.c **** *   entered (depending on the priority of this interrupt and other pending 
 375:Generated_Source\PSoC5/ISR_1m.c **** *   interrupts).
 376:Generated_Source\PSoC5/ISR_1m.c **** *
 377:Generated_Source\PSoC5/ISR_1m.c **** *******************************************************************************/
 378:Generated_Source\PSoC5/ISR_1m.c **** void ISR_1m_SetPending(void)
 379:Generated_Source\PSoC5/ISR_1m.c **** {
 343              		.loc 1 379 0
 344              		.cfi_startproc
 345              		@ args = 0, pretend = 0, frame = 0
 346              		@ frame_needed = 0, uses_anonymous_args = 0
 347              		@ link register save eliminated.
 380:Generated_Source\PSoC5/ISR_1m.c ****     *ISR_1m_INTC_SET_PD = ISR_1m__INTC_MASK;
 348              		.loc 1 380 0
ARM GAS  C:\Users\TYROLY~1\AppData\Local\Temp\ccUPDJmc.s 			page 14


 349 0000 0122     		movs	r2, #1
 350 0002 014B     		ldr	r3, .L35
 351 0004 1A60     		str	r2, [r3]
 352 0006 7047     		bx	lr
 353              	.L36:
 354              		.align	2
 355              	.L35:
 356 0008 00E200E0 		.word	-536813056
 357              		.cfi_endproc
 358              	.LFE11:
 359              		.size	ISR_1m_SetPending, .-ISR_1m_SetPending
 360              		.section	.text.ISR_1m_ClearPending,"ax",%progbits
 361              		.align	2
 362              		.global	ISR_1m_ClearPending
 363              		.thumb
 364              		.thumb_func
 365              		.type	ISR_1m_ClearPending, %function
 366              	ISR_1m_ClearPending:
 367              	.LFB12:
 381:Generated_Source\PSoC5/ISR_1m.c **** }
 382:Generated_Source\PSoC5/ISR_1m.c **** 
 383:Generated_Source\PSoC5/ISR_1m.c **** 
 384:Generated_Source\PSoC5/ISR_1m.c **** /*******************************************************************************
 385:Generated_Source\PSoC5/ISR_1m.c **** * Function Name: ISR_1m_ClearPending
 386:Generated_Source\PSoC5/ISR_1m.c **** ********************************************************************************
 387:Generated_Source\PSoC5/ISR_1m.c **** *
 388:Generated_Source\PSoC5/ISR_1m.c **** * Summary:
 389:Generated_Source\PSoC5/ISR_1m.c **** *   Clears a pending interrupt in the interrupt controller.
 390:Generated_Source\PSoC5/ISR_1m.c **** *
 391:Generated_Source\PSoC5/ISR_1m.c **** *   Note Some interrupt sources are clear-on-read and require the block 
 392:Generated_Source\PSoC5/ISR_1m.c **** *   interrupt/status register to be read/cleared with the appropriate block API 
 393:Generated_Source\PSoC5/ISR_1m.c **** *   (GPIO, UART, and so on). Otherwise the ISR will continue to remain in 
 394:Generated_Source\PSoC5/ISR_1m.c **** *   pending state even though the interrupt itself is cleared using this API.
 395:Generated_Source\PSoC5/ISR_1m.c **** *
 396:Generated_Source\PSoC5/ISR_1m.c **** * Parameters:
 397:Generated_Source\PSoC5/ISR_1m.c **** *   None
 398:Generated_Source\PSoC5/ISR_1m.c **** *
 399:Generated_Source\PSoC5/ISR_1m.c **** * Return:
 400:Generated_Source\PSoC5/ISR_1m.c **** *   None
 401:Generated_Source\PSoC5/ISR_1m.c **** *
 402:Generated_Source\PSoC5/ISR_1m.c **** *******************************************************************************/
 403:Generated_Source\PSoC5/ISR_1m.c **** void ISR_1m_ClearPending(void)
 404:Generated_Source\PSoC5/ISR_1m.c **** {
 368              		.loc 1 404 0
 369              		.cfi_startproc
 370              		@ args = 0, pretend = 0, frame = 0
 371              		@ frame_needed = 0, uses_anonymous_args = 0
 372              		@ link register save eliminated.
 405:Generated_Source\PSoC5/ISR_1m.c ****     *ISR_1m_INTC_CLR_PD = ISR_1m__INTC_MASK;
 373              		.loc 1 405 0
 374 0000 0122     		movs	r2, #1
 375 0002 014B     		ldr	r3, .L38
 376 0004 1A60     		str	r2, [r3]
 377 0006 7047     		bx	lr
 378              	.L39:
 379              		.align	2
 380              	.L38:
ARM GAS  C:\Users\TYROLY~1\AppData\Local\Temp\ccUPDJmc.s 			page 15


 381 0008 80E200E0 		.word	-536812928
 382              		.cfi_endproc
 383              	.LFE12:
 384              		.size	ISR_1m_ClearPending, .-ISR_1m_ClearPending
 385              		.text
 386              	.Letext0:
 387              		.file 2 "Generated_Source\\PSoC5/cytypes.h"
 388              		.file 3 "./isrs.h"
 389              		.section	.debug_info,"",%progbits
 390              	.Ldebug_info0:
 391 0000 06030000 		.4byte	0x306
 392 0004 0400     		.2byte	0x4
 393 0006 00000000 		.4byte	.Ldebug_abbrev0
 394 000a 04       		.byte	0x4
 395 000b 01       		.uleb128 0x1
 396 000c E0000000 		.4byte	.LASF35
 397 0010 0C       		.byte	0xc
 398 0011 06000000 		.4byte	.LASF36
 399 0015 48000000 		.4byte	.LASF37
 400 0019 00000000 		.4byte	.Ldebug_ranges0+0
 401 001d 00000000 		.4byte	0
 402 0021 00000000 		.4byte	.Ldebug_line0
 403 0025 02       		.uleb128 0x2
 404 0026 04       		.byte	0x4
 405 0027 05       		.byte	0x5
 406 0028 696E7400 		.ascii	"int\000"
 407 002c 03       		.uleb128 0x3
 408 002d 04       		.byte	0x4
 409 002e 07       		.byte	0x7
 410 002f F9010000 		.4byte	.LASF0
 411 0033 03       		.uleb128 0x3
 412 0034 08       		.byte	0x8
 413 0035 05       		.byte	0x5
 414 0036 4C020000 		.4byte	.LASF1
 415 003a 03       		.uleb128 0x3
 416 003b 08       		.byte	0x8
 417 003c 04       		.byte	0x4
 418 003d 94020000 		.4byte	.LASF2
 419 0041 03       		.uleb128 0x3
 420 0042 01       		.byte	0x1
 421 0043 06       		.byte	0x6
 422 0044 A0020000 		.4byte	.LASF3
 423 0048 03       		.uleb128 0x3
 424 0049 01       		.byte	0x1
 425 004a 08       		.byte	0x8
 426 004b D2000000 		.4byte	.LASF4
 427 004f 03       		.uleb128 0x3
 428 0050 02       		.byte	0x2
 429 0051 05       		.byte	0x5
 430 0052 6E020000 		.4byte	.LASF5
 431 0056 03       		.uleb128 0x3
 432 0057 02       		.byte	0x2
 433 0058 07       		.byte	0x7
 434 0059 88000000 		.4byte	.LASF6
 435 005d 03       		.uleb128 0x3
 436 005e 04       		.byte	0x4
 437 005f 05       		.byte	0x5
ARM GAS  C:\Users\TYROLY~1\AppData\Local\Temp\ccUPDJmc.s 			page 16


 438 0060 8B020000 		.4byte	.LASF7
 439 0064 03       		.uleb128 0x3
 440 0065 04       		.byte	0x4
 441 0066 07       		.byte	0x7
 442 0067 80010000 		.4byte	.LASF8
 443 006b 03       		.uleb128 0x3
 444 006c 08       		.byte	0x8
 445 006d 07       		.byte	0x7
 446 006e 0E020000 		.4byte	.LASF9
 447 0072 03       		.uleb128 0x3
 448 0073 04       		.byte	0x4
 449 0074 07       		.byte	0x7
 450 0075 43020000 		.4byte	.LASF10
 451 0079 03       		.uleb128 0x3
 452 007a 01       		.byte	0x1
 453 007b 08       		.byte	0x8
 454 007c 5A020000 		.4byte	.LASF11
 455 0080 04       		.uleb128 0x4
 456 0081 04       		.byte	0x4
 457 0082 86000000 		.4byte	0x86
 458 0086 05       		.uleb128 0x5
 459 0087 06       		.uleb128 0x6
 460 0088 9E010000 		.4byte	.LASF12
 461 008c 02       		.byte	0x2
 462 008d E401     		.2byte	0x1e4
 463 008f 48000000 		.4byte	0x48
 464 0093 06       		.uleb128 0x6
 465 0094 DF010000 		.4byte	.LASF13
 466 0098 02       		.byte	0x2
 467 0099 E601     		.2byte	0x1e6
 468 009b 64000000 		.4byte	0x64
 469 009f 03       		.uleb128 0x3
 470 00a0 04       		.byte	0x4
 471 00a1 04       		.byte	0x4
 472 00a2 B8000000 		.4byte	.LASF14
 473 00a6 03       		.uleb128 0x3
 474 00a7 08       		.byte	0x8
 475 00a8 04       		.byte	0x4
 476 00a9 CE010000 		.4byte	.LASF15
 477 00ad 06       		.uleb128 0x6
 478 00ae 7B010000 		.4byte	.LASF16
 479 00b2 02       		.byte	0x2
 480 00b3 8E02     		.2byte	0x28e
 481 00b5 B9000000 		.4byte	0xb9
 482 00b9 07       		.uleb128 0x7
 483 00ba 87000000 		.4byte	0x87
 484 00be 06       		.uleb128 0x6
 485 00bf 00000000 		.4byte	.LASF17
 486 00c3 02       		.byte	0x2
 487 00c4 9002     		.2byte	0x290
 488 00c6 CA000000 		.4byte	0xca
 489 00ca 07       		.uleb128 0x7
 490 00cb 93000000 		.4byte	0x93
 491 00cf 06       		.uleb128 0x6
 492 00d0 25020000 		.4byte	.LASF18
 493 00d4 02       		.byte	0x2
 494 00d5 A002     		.2byte	0x2a0
ARM GAS  C:\Users\TYROLY~1\AppData\Local\Temp\ccUPDJmc.s 			page 17


 495 00d7 80000000 		.4byte	0x80
 496 00db 08       		.uleb128 0x8
 497 00dc 37000000 		.4byte	.LASF20
 498 00e0 01       		.byte	0x1
 499 00e1 A0       		.byte	0xa0
 500 00e2 00000000 		.4byte	.LFB3
 501 00e6 08000000 		.4byte	.LFE3-.LFB3
 502 00ea 01       		.uleb128 0x1
 503 00eb 9C       		.byte	0x9c
 504 00ec 12010000 		.4byte	0x112
 505 00f0 09       		.uleb128 0x9
 506 00f1 AC020000 		.4byte	.LASF38
 507 00f5 03       		.byte	0x3
 508 00f6 11       		.byte	0x11
 509 00f7 12010000 		.4byte	0x112
 510 00fb 0A       		.uleb128 0xa
 511 00fc D5010000 		.4byte	.LASF39
 512 0100 03       		.byte	0x3
 513 0101 12       		.byte	0x12
 514 0102 08010000 		.4byte	0x108
 515 0106 0B       		.uleb128 0xb
 516 0107 00       		.byte	0
 517 0108 0C       		.uleb128 0xc
 518 0109 06000000 		.4byte	.LVL0
 519 010d FE020000 		.4byte	0x2fe
 520 0111 00       		.byte	0
 521 0112 03       		.uleb128 0x3
 522 0113 01       		.byte	0x1
 523 0114 02       		.byte	0x2
 524 0115 B4020000 		.4byte	.LASF19
 525 0119 08       		.uleb128 0x8
 526 011a 32020000 		.4byte	.LASF21
 527 011e 01       		.byte	0x1
 528 011f CA       		.byte	0xca
 529 0120 00000000 		.4byte	.LFB4
 530 0124 0C000000 		.4byte	.LFE4-.LFB4
 531 0128 01       		.uleb128 0x1
 532 0129 9C       		.byte	0x9c
 533 012a 49010000 		.4byte	0x149
 534 012e 0D       		.uleb128 0xd
 535 012f 06020000 		.4byte	.LASF24
 536 0133 01       		.byte	0x1
 537 0134 CA       		.byte	0xca
 538 0135 CF000000 		.4byte	0xcf
 539 0139 01       		.uleb128 0x1
 540 013a 50       		.byte	0x50
 541 013b 0E       		.uleb128 0xe
 542 013c 5F020000 		.4byte	.LASF22
 543 0140 01       		.byte	0x1
 544 0141 CC       		.byte	0xcc
 545 0142 49010000 		.4byte	0x149
 546 0146 01       		.uleb128 0x1
 547 0147 53       		.byte	0x53
 548 0148 00       		.byte	0
 549 0149 04       		.uleb128 0x4
 550 014a 04       		.byte	0x4
 551 014b CF000000 		.4byte	0xcf
ARM GAS  C:\Users\TYROLY~1\AppData\Local\Temp\ccUPDJmc.s 			page 18


 552 014f 0F       		.uleb128 0xf
 553 0150 26000000 		.4byte	.LASF26
 554 0154 01       		.byte	0x1
 555 0155 E2       		.byte	0xe2
 556 0156 CF000000 		.4byte	0xcf
 557 015a 00000000 		.4byte	.LFB5
 558 015e 0C000000 		.4byte	.LFE5-.LFB5
 559 0162 01       		.uleb128 0x1
 560 0163 9C       		.byte	0x9c
 561 0164 76010000 		.4byte	0x176
 562 0168 0E       		.uleb128 0xe
 563 0169 5F020000 		.4byte	.LASF22
 564 016d 01       		.byte	0x1
 565 016e E4       		.byte	0xe4
 566 016f 49010000 		.4byte	0x149
 567 0173 01       		.uleb128 0x1
 568 0174 53       		.byte	0x53
 569 0175 00       		.byte	0
 570 0176 10       		.uleb128 0x10
 571 0177 78020000 		.4byte	.LASF23
 572 017b 01       		.byte	0x1
 573 017c 0401     		.2byte	0x104
 574 017e 00000000 		.4byte	.LFB6
 575 0182 10000000 		.4byte	.LFE6-.LFB6
 576 0186 01       		.uleb128 0x1
 577 0187 9C       		.byte	0x9c
 578 0188 9D010000 		.4byte	0x19d
 579 018c 11       		.uleb128 0x11
 580 018d C5010000 		.4byte	.LASF25
 581 0191 01       		.byte	0x1
 582 0192 0401     		.2byte	0x104
 583 0194 87000000 		.4byte	0x87
 584 0198 00000000 		.4byte	.LLST0
 585 019c 00       		.byte	0
 586 019d 12       		.uleb128 0x12
 587 019e E6010000 		.4byte	.LASF27
 588 01a2 01       		.byte	0x1
 589 01a3 1A01     		.2byte	0x11a
 590 01a5 87000000 		.4byte	0x87
 591 01a9 00000000 		.4byte	.LFB7
 592 01ad 0C000000 		.4byte	.LFE7-.LFB7
 593 01b1 01       		.uleb128 0x1
 594 01b2 9C       		.byte	0x9c
 595 01b3 C8010000 		.4byte	0x1c8
 596 01b7 13       		.uleb128 0x13
 597 01b8 C5010000 		.4byte	.LASF25
 598 01bc 01       		.byte	0x1
 599 01bd 1C01     		.2byte	0x11c
 600 01bf 87000000 		.4byte	0x87
 601 01c3 21000000 		.4byte	.LLST1
 602 01c7 00       		.byte	0
 603 01c8 14       		.uleb128 0x14
 604 01c9 9B000000 		.4byte	.LASF28
 605 01cd 01       		.byte	0x1
 606 01ce 3501     		.2byte	0x135
 607 01d0 00000000 		.4byte	.LFB8
 608 01d4 0C000000 		.4byte	.LFE8-.LFB8
ARM GAS  C:\Users\TYROLY~1\AppData\Local\Temp\ccUPDJmc.s 			page 19


 609 01d8 01       		.uleb128 0x1
 610 01d9 9C       		.byte	0x9c
 611 01da 15       		.uleb128 0x15
 612 01db 78000000 		.4byte	.LASF40
 613 01df 01       		.byte	0x1
 614 01e0 4A01     		.2byte	0x14a
 615 01e2 87000000 		.4byte	0x87
 616 01e6 00000000 		.4byte	.LFB9
 617 01ea 10000000 		.4byte	.LFE9-.LFB9
 618 01ee 01       		.uleb128 0x1
 619 01ef 9C       		.byte	0x9c
 620 01f0 14       		.uleb128 0x14
 621 01f1 B6010000 		.4byte	.LASF29
 622 01f5 01       		.byte	0x1
 623 01f6 5F01     		.2byte	0x15f
 624 01f8 00000000 		.4byte	.LFB10
 625 01fc 0C000000 		.4byte	.LFE10-.LFB10
 626 0200 01       		.uleb128 0x1
 627 0201 9C       		.byte	0x9c
 628 0202 08       		.uleb128 0x8
 629 0203 6E010000 		.4byte	.LASF30
 630 0207 01       		.byte	0x1
 631 0208 3D       		.byte	0x3d
 632 0209 00000000 		.4byte	.LFB0
 633 020d 1C000000 		.4byte	.LFE0-.LFB0
 634 0211 01       		.uleb128 0x1
 635 0212 9C       		.byte	0x9c
 636 0213 54020000 		.4byte	0x254
 637 0217 0C       		.uleb128 0xc
 638 0218 06000000 		.4byte	.LVL8
 639 021c F0010000 		.4byte	0x1f0
 640 0220 16       		.uleb128 0x16
 641 0221 0C000000 		.4byte	.LVL9
 642 0225 19010000 		.4byte	0x119
 643 0229 37020000 		.4byte	0x237
 644 022d 17       		.uleb128 0x17
 645 022e 01       		.uleb128 0x1
 646 022f 50       		.byte	0x50
 647 0230 05       		.uleb128 0x5
 648 0231 03       		.byte	0x3
 649 0232 00000000 		.4byte	ISR_1m_Interrupt
 650 0236 00       		.byte	0
 651 0237 16       		.uleb128 0x16
 652 0238 12000000 		.4byte	.LVL10
 653 023c 76010000 		.4byte	0x176
 654 0240 4A020000 		.4byte	0x24a
 655 0244 17       		.uleb128 0x17
 656 0245 01       		.uleb128 0x1
 657 0246 50       		.byte	0x50
 658 0247 01       		.uleb128 0x1
 659 0248 37       		.byte	0x37
 660 0249 00       		.byte	0
 661 024a 0C       		.uleb128 0xc
 662 024b 16000000 		.4byte	.LVL11
 663 024f C8010000 		.4byte	0x1c8
 664 0253 00       		.byte	0
 665 0254 08       		.uleb128 0x8
ARM GAS  C:\Users\TYROLY~1\AppData\Local\Temp\ccUPDJmc.s 			page 20


 666 0255 A9000000 		.4byte	.LASF31
 667 0259 01       		.byte	0x1
 668 025a 68       		.byte	0x68
 669 025b 00000000 		.4byte	.LFB1
 670 025f 1A000000 		.4byte	.LFE1-.LFB1
 671 0263 01       		.uleb128 0x1
 672 0264 9C       		.byte	0x9c
 673 0265 B2020000 		.4byte	0x2b2
 674 0269 18       		.uleb128 0x18
 675 026a 06020000 		.4byte	.LASF24
 676 026e 01       		.byte	0x1
 677 026f 68       		.byte	0x68
 678 0270 CF000000 		.4byte	0xcf
 679 0274 38000000 		.4byte	.LLST2
 680 0278 0C       		.uleb128 0xc
 681 0279 08000000 		.4byte	.LVL13
 682 027d F0010000 		.4byte	0x1f0
 683 0281 16       		.uleb128 0x16
 684 0282 0E000000 		.4byte	.LVL14
 685 0286 19010000 		.4byte	0x119
 686 028a 95020000 		.4byte	0x295
 687 028e 17       		.uleb128 0x17
 688 028f 01       		.uleb128 0x1
 689 0290 50       		.byte	0x50
 690 0291 02       		.uleb128 0x2
 691 0292 74       		.byte	0x74
 692 0293 00       		.sleb128 0
 693 0294 00       		.byte	0
 694 0295 16       		.uleb128 0x16
 695 0296 14000000 		.4byte	.LVL15
 696 029a 76010000 		.4byte	0x176
 697 029e A8020000 		.4byte	0x2a8
 698 02a2 17       		.uleb128 0x17
 699 02a3 01       		.uleb128 0x1
 700 02a4 50       		.byte	0x50
 701 02a5 01       		.uleb128 0x1
 702 02a6 37       		.byte	0x37
 703 02a7 00       		.byte	0
 704 02a8 0C       		.uleb128 0xc
 705 02a9 18000000 		.4byte	.LVL16
 706 02ad C8010000 		.4byte	0x1c8
 707 02b1 00       		.byte	0
 708 02b2 08       		.uleb128 0x8
 709 02b3 92010000 		.4byte	.LASF32
 710 02b7 01       		.byte	0x1
 711 02b8 86       		.byte	0x86
 712 02b9 00000000 		.4byte	.LFB2
 713 02bd 14000000 		.4byte	.LFE2-.LFB2
 714 02c1 01       		.uleb128 0x1
 715 02c2 9C       		.byte	0x9c
 716 02c3 DA020000 		.4byte	0x2da
 717 02c7 0C       		.uleb128 0xc
 718 02c8 06000000 		.4byte	.LVL17
 719 02cc F0010000 		.4byte	0x1f0
 720 02d0 0C       		.uleb128 0xc
 721 02d1 0C000000 		.4byte	.LVL18
 722 02d5 19010000 		.4byte	0x119
ARM GAS  C:\Users\TYROLY~1\AppData\Local\Temp\ccUPDJmc.s 			page 21


 723 02d9 00       		.byte	0
 724 02da 14       		.uleb128 0x14
 725 02db A4010000 		.4byte	.LASF33
 726 02df 01       		.byte	0x1
 727 02e0 7A01     		.2byte	0x17a
 728 02e2 00000000 		.4byte	.LFB11
 729 02e6 0C000000 		.4byte	.LFE11-.LFB11
 730 02ea 01       		.uleb128 0x1
 731 02eb 9C       		.byte	0x9c
 732 02ec 14       		.uleb128 0x14
 733 02ed BE000000 		.4byte	.LASF34
 734 02f1 01       		.byte	0x1
 735 02f2 9301     		.2byte	0x193
 736 02f4 00000000 		.4byte	.LFB12
 737 02f8 0C000000 		.4byte	.LFE12-.LFB12
 738 02fc 01       		.uleb128 0x1
 739 02fd 9C       		.byte	0x9c
 740 02fe 19       		.uleb128 0x19
 741 02ff D5010000 		.4byte	.LASF39
 742 0303 D5010000 		.4byte	.LASF39
 743 0307 03       		.byte	0x3
 744 0308 12       		.byte	0x12
 745 0309 00       		.byte	0
 746              		.section	.debug_abbrev,"",%progbits
 747              	.Ldebug_abbrev0:
 748 0000 01       		.uleb128 0x1
 749 0001 11       		.uleb128 0x11
 750 0002 01       		.byte	0x1
 751 0003 25       		.uleb128 0x25
 752 0004 0E       		.uleb128 0xe
 753 0005 13       		.uleb128 0x13
 754 0006 0B       		.uleb128 0xb
 755 0007 03       		.uleb128 0x3
 756 0008 0E       		.uleb128 0xe
 757 0009 1B       		.uleb128 0x1b
 758 000a 0E       		.uleb128 0xe
 759 000b 55       		.uleb128 0x55
 760 000c 17       		.uleb128 0x17
 761 000d 11       		.uleb128 0x11
 762 000e 01       		.uleb128 0x1
 763 000f 10       		.uleb128 0x10
 764 0010 17       		.uleb128 0x17
 765 0011 00       		.byte	0
 766 0012 00       		.byte	0
 767 0013 02       		.uleb128 0x2
 768 0014 24       		.uleb128 0x24
 769 0015 00       		.byte	0
 770 0016 0B       		.uleb128 0xb
 771 0017 0B       		.uleb128 0xb
 772 0018 3E       		.uleb128 0x3e
 773 0019 0B       		.uleb128 0xb
 774 001a 03       		.uleb128 0x3
 775 001b 08       		.uleb128 0x8
 776 001c 00       		.byte	0
 777 001d 00       		.byte	0
 778 001e 03       		.uleb128 0x3
 779 001f 24       		.uleb128 0x24
ARM GAS  C:\Users\TYROLY~1\AppData\Local\Temp\ccUPDJmc.s 			page 22


 780 0020 00       		.byte	0
 781 0021 0B       		.uleb128 0xb
 782 0022 0B       		.uleb128 0xb
 783 0023 3E       		.uleb128 0x3e
 784 0024 0B       		.uleb128 0xb
 785 0025 03       		.uleb128 0x3
 786 0026 0E       		.uleb128 0xe
 787 0027 00       		.byte	0
 788 0028 00       		.byte	0
 789 0029 04       		.uleb128 0x4
 790 002a 0F       		.uleb128 0xf
 791 002b 00       		.byte	0
 792 002c 0B       		.uleb128 0xb
 793 002d 0B       		.uleb128 0xb
 794 002e 49       		.uleb128 0x49
 795 002f 13       		.uleb128 0x13
 796 0030 00       		.byte	0
 797 0031 00       		.byte	0
 798 0032 05       		.uleb128 0x5
 799 0033 15       		.uleb128 0x15
 800 0034 00       		.byte	0
 801 0035 27       		.uleb128 0x27
 802 0036 19       		.uleb128 0x19
 803 0037 00       		.byte	0
 804 0038 00       		.byte	0
 805 0039 06       		.uleb128 0x6
 806 003a 16       		.uleb128 0x16
 807 003b 00       		.byte	0
 808 003c 03       		.uleb128 0x3
 809 003d 0E       		.uleb128 0xe
 810 003e 3A       		.uleb128 0x3a
 811 003f 0B       		.uleb128 0xb
 812 0040 3B       		.uleb128 0x3b
 813 0041 05       		.uleb128 0x5
 814 0042 49       		.uleb128 0x49
 815 0043 13       		.uleb128 0x13
 816 0044 00       		.byte	0
 817 0045 00       		.byte	0
 818 0046 07       		.uleb128 0x7
 819 0047 35       		.uleb128 0x35
 820 0048 00       		.byte	0
 821 0049 49       		.uleb128 0x49
 822 004a 13       		.uleb128 0x13
 823 004b 00       		.byte	0
 824 004c 00       		.byte	0
 825 004d 08       		.uleb128 0x8
 826 004e 2E       		.uleb128 0x2e
 827 004f 01       		.byte	0x1
 828 0050 3F       		.uleb128 0x3f
 829 0051 19       		.uleb128 0x19
 830 0052 03       		.uleb128 0x3
 831 0053 0E       		.uleb128 0xe
 832 0054 3A       		.uleb128 0x3a
 833 0055 0B       		.uleb128 0xb
 834 0056 3B       		.uleb128 0x3b
 835 0057 0B       		.uleb128 0xb
 836 0058 27       		.uleb128 0x27
ARM GAS  C:\Users\TYROLY~1\AppData\Local\Temp\ccUPDJmc.s 			page 23


 837 0059 19       		.uleb128 0x19
 838 005a 11       		.uleb128 0x11
 839 005b 01       		.uleb128 0x1
 840 005c 12       		.uleb128 0x12
 841 005d 06       		.uleb128 0x6
 842 005e 40       		.uleb128 0x40
 843 005f 18       		.uleb128 0x18
 844 0060 9742     		.uleb128 0x2117
 845 0062 19       		.uleb128 0x19
 846 0063 01       		.uleb128 0x1
 847 0064 13       		.uleb128 0x13
 848 0065 00       		.byte	0
 849 0066 00       		.byte	0
 850 0067 09       		.uleb128 0x9
 851 0068 34       		.uleb128 0x34
 852 0069 00       		.byte	0
 853 006a 03       		.uleb128 0x3
 854 006b 0E       		.uleb128 0xe
 855 006c 3A       		.uleb128 0x3a
 856 006d 0B       		.uleb128 0xb
 857 006e 3B       		.uleb128 0x3b
 858 006f 0B       		.uleb128 0xb
 859 0070 49       		.uleb128 0x49
 860 0071 13       		.uleb128 0x13
 861 0072 3F       		.uleb128 0x3f
 862 0073 19       		.uleb128 0x19
 863 0074 3C       		.uleb128 0x3c
 864 0075 19       		.uleb128 0x19
 865 0076 00       		.byte	0
 866 0077 00       		.byte	0
 867 0078 0A       		.uleb128 0xa
 868 0079 2E       		.uleb128 0x2e
 869 007a 01       		.byte	0x1
 870 007b 3F       		.uleb128 0x3f
 871 007c 19       		.uleb128 0x19
 872 007d 03       		.uleb128 0x3
 873 007e 0E       		.uleb128 0xe
 874 007f 3A       		.uleb128 0x3a
 875 0080 0B       		.uleb128 0xb
 876 0081 3B       		.uleb128 0x3b
 877 0082 0B       		.uleb128 0xb
 878 0083 3C       		.uleb128 0x3c
 879 0084 19       		.uleb128 0x19
 880 0085 01       		.uleb128 0x1
 881 0086 13       		.uleb128 0x13
 882 0087 00       		.byte	0
 883 0088 00       		.byte	0
 884 0089 0B       		.uleb128 0xb
 885 008a 18       		.uleb128 0x18
 886 008b 00       		.byte	0
 887 008c 00       		.byte	0
 888 008d 00       		.byte	0
 889 008e 0C       		.uleb128 0xc
 890 008f 898201   		.uleb128 0x4109
 891 0092 00       		.byte	0
 892 0093 11       		.uleb128 0x11
 893 0094 01       		.uleb128 0x1
ARM GAS  C:\Users\TYROLY~1\AppData\Local\Temp\ccUPDJmc.s 			page 24


 894 0095 31       		.uleb128 0x31
 895 0096 13       		.uleb128 0x13
 896 0097 00       		.byte	0
 897 0098 00       		.byte	0
 898 0099 0D       		.uleb128 0xd
 899 009a 05       		.uleb128 0x5
 900 009b 00       		.byte	0
 901 009c 03       		.uleb128 0x3
 902 009d 0E       		.uleb128 0xe
 903 009e 3A       		.uleb128 0x3a
 904 009f 0B       		.uleb128 0xb
 905 00a0 3B       		.uleb128 0x3b
 906 00a1 0B       		.uleb128 0xb
 907 00a2 49       		.uleb128 0x49
 908 00a3 13       		.uleb128 0x13
 909 00a4 02       		.uleb128 0x2
 910 00a5 18       		.uleb128 0x18
 911 00a6 00       		.byte	0
 912 00a7 00       		.byte	0
 913 00a8 0E       		.uleb128 0xe
 914 00a9 34       		.uleb128 0x34
 915 00aa 00       		.byte	0
 916 00ab 03       		.uleb128 0x3
 917 00ac 0E       		.uleb128 0xe
 918 00ad 3A       		.uleb128 0x3a
 919 00ae 0B       		.uleb128 0xb
 920 00af 3B       		.uleb128 0x3b
 921 00b0 0B       		.uleb128 0xb
 922 00b1 49       		.uleb128 0x49
 923 00b2 13       		.uleb128 0x13
 924 00b3 02       		.uleb128 0x2
 925 00b4 18       		.uleb128 0x18
 926 00b5 00       		.byte	0
 927 00b6 00       		.byte	0
 928 00b7 0F       		.uleb128 0xf
 929 00b8 2E       		.uleb128 0x2e
 930 00b9 01       		.byte	0x1
 931 00ba 3F       		.uleb128 0x3f
 932 00bb 19       		.uleb128 0x19
 933 00bc 03       		.uleb128 0x3
 934 00bd 0E       		.uleb128 0xe
 935 00be 3A       		.uleb128 0x3a
 936 00bf 0B       		.uleb128 0xb
 937 00c0 3B       		.uleb128 0x3b
 938 00c1 0B       		.uleb128 0xb
 939 00c2 27       		.uleb128 0x27
 940 00c3 19       		.uleb128 0x19
 941 00c4 49       		.uleb128 0x49
 942 00c5 13       		.uleb128 0x13
 943 00c6 11       		.uleb128 0x11
 944 00c7 01       		.uleb128 0x1
 945 00c8 12       		.uleb128 0x12
 946 00c9 06       		.uleb128 0x6
 947 00ca 40       		.uleb128 0x40
 948 00cb 18       		.uleb128 0x18
 949 00cc 9742     		.uleb128 0x2117
 950 00ce 19       		.uleb128 0x19
ARM GAS  C:\Users\TYROLY~1\AppData\Local\Temp\ccUPDJmc.s 			page 25


 951 00cf 01       		.uleb128 0x1
 952 00d0 13       		.uleb128 0x13
 953 00d1 00       		.byte	0
 954 00d2 00       		.byte	0
 955 00d3 10       		.uleb128 0x10
 956 00d4 2E       		.uleb128 0x2e
 957 00d5 01       		.byte	0x1
 958 00d6 3F       		.uleb128 0x3f
 959 00d7 19       		.uleb128 0x19
 960 00d8 03       		.uleb128 0x3
 961 00d9 0E       		.uleb128 0xe
 962 00da 3A       		.uleb128 0x3a
 963 00db 0B       		.uleb128 0xb
 964 00dc 3B       		.uleb128 0x3b
 965 00dd 05       		.uleb128 0x5
 966 00de 27       		.uleb128 0x27
 967 00df 19       		.uleb128 0x19
 968 00e0 11       		.uleb128 0x11
 969 00e1 01       		.uleb128 0x1
 970 00e2 12       		.uleb128 0x12
 971 00e3 06       		.uleb128 0x6
 972 00e4 40       		.uleb128 0x40
 973 00e5 18       		.uleb128 0x18
 974 00e6 9742     		.uleb128 0x2117
 975 00e8 19       		.uleb128 0x19
 976 00e9 01       		.uleb128 0x1
 977 00ea 13       		.uleb128 0x13
 978 00eb 00       		.byte	0
 979 00ec 00       		.byte	0
 980 00ed 11       		.uleb128 0x11
 981 00ee 05       		.uleb128 0x5
 982 00ef 00       		.byte	0
 983 00f0 03       		.uleb128 0x3
 984 00f1 0E       		.uleb128 0xe
 985 00f2 3A       		.uleb128 0x3a
 986 00f3 0B       		.uleb128 0xb
 987 00f4 3B       		.uleb128 0x3b
 988 00f5 05       		.uleb128 0x5
 989 00f6 49       		.uleb128 0x49
 990 00f7 13       		.uleb128 0x13
 991 00f8 02       		.uleb128 0x2
 992 00f9 17       		.uleb128 0x17
 993 00fa 00       		.byte	0
 994 00fb 00       		.byte	0
 995 00fc 12       		.uleb128 0x12
 996 00fd 2E       		.uleb128 0x2e
 997 00fe 01       		.byte	0x1
 998 00ff 3F       		.uleb128 0x3f
 999 0100 19       		.uleb128 0x19
 1000 0101 03       		.uleb128 0x3
 1001 0102 0E       		.uleb128 0xe
 1002 0103 3A       		.uleb128 0x3a
 1003 0104 0B       		.uleb128 0xb
 1004 0105 3B       		.uleb128 0x3b
 1005 0106 05       		.uleb128 0x5
 1006 0107 27       		.uleb128 0x27
 1007 0108 19       		.uleb128 0x19
ARM GAS  C:\Users\TYROLY~1\AppData\Local\Temp\ccUPDJmc.s 			page 26


 1008 0109 49       		.uleb128 0x49
 1009 010a 13       		.uleb128 0x13
 1010 010b 11       		.uleb128 0x11
 1011 010c 01       		.uleb128 0x1
 1012 010d 12       		.uleb128 0x12
 1013 010e 06       		.uleb128 0x6
 1014 010f 40       		.uleb128 0x40
 1015 0110 18       		.uleb128 0x18
 1016 0111 9742     		.uleb128 0x2117
 1017 0113 19       		.uleb128 0x19
 1018 0114 01       		.uleb128 0x1
 1019 0115 13       		.uleb128 0x13
 1020 0116 00       		.byte	0
 1021 0117 00       		.byte	0
 1022 0118 13       		.uleb128 0x13
 1023 0119 34       		.uleb128 0x34
 1024 011a 00       		.byte	0
 1025 011b 03       		.uleb128 0x3
 1026 011c 0E       		.uleb128 0xe
 1027 011d 3A       		.uleb128 0x3a
 1028 011e 0B       		.uleb128 0xb
 1029 011f 3B       		.uleb128 0x3b
 1030 0120 05       		.uleb128 0x5
 1031 0121 49       		.uleb128 0x49
 1032 0122 13       		.uleb128 0x13
 1033 0123 02       		.uleb128 0x2
 1034 0124 17       		.uleb128 0x17
 1035 0125 00       		.byte	0
 1036 0126 00       		.byte	0
 1037 0127 14       		.uleb128 0x14
 1038 0128 2E       		.uleb128 0x2e
 1039 0129 00       		.byte	0
 1040 012a 3F       		.uleb128 0x3f
 1041 012b 19       		.uleb128 0x19
 1042 012c 03       		.uleb128 0x3
 1043 012d 0E       		.uleb128 0xe
 1044 012e 3A       		.uleb128 0x3a
 1045 012f 0B       		.uleb128 0xb
 1046 0130 3B       		.uleb128 0x3b
 1047 0131 05       		.uleb128 0x5
 1048 0132 27       		.uleb128 0x27
 1049 0133 19       		.uleb128 0x19
 1050 0134 11       		.uleb128 0x11
 1051 0135 01       		.uleb128 0x1
 1052 0136 12       		.uleb128 0x12
 1053 0137 06       		.uleb128 0x6
 1054 0138 40       		.uleb128 0x40
 1055 0139 18       		.uleb128 0x18
 1056 013a 9742     		.uleb128 0x2117
 1057 013c 19       		.uleb128 0x19
 1058 013d 00       		.byte	0
 1059 013e 00       		.byte	0
 1060 013f 15       		.uleb128 0x15
 1061 0140 2E       		.uleb128 0x2e
 1062 0141 00       		.byte	0
 1063 0142 3F       		.uleb128 0x3f
 1064 0143 19       		.uleb128 0x19
ARM GAS  C:\Users\TYROLY~1\AppData\Local\Temp\ccUPDJmc.s 			page 27


 1065 0144 03       		.uleb128 0x3
 1066 0145 0E       		.uleb128 0xe
 1067 0146 3A       		.uleb128 0x3a
 1068 0147 0B       		.uleb128 0xb
 1069 0148 3B       		.uleb128 0x3b
 1070 0149 05       		.uleb128 0x5
 1071 014a 27       		.uleb128 0x27
 1072 014b 19       		.uleb128 0x19
 1073 014c 49       		.uleb128 0x49
 1074 014d 13       		.uleb128 0x13
 1075 014e 11       		.uleb128 0x11
 1076 014f 01       		.uleb128 0x1
 1077 0150 12       		.uleb128 0x12
 1078 0151 06       		.uleb128 0x6
 1079 0152 40       		.uleb128 0x40
 1080 0153 18       		.uleb128 0x18
 1081 0154 9742     		.uleb128 0x2117
 1082 0156 19       		.uleb128 0x19
 1083 0157 00       		.byte	0
 1084 0158 00       		.byte	0
 1085 0159 16       		.uleb128 0x16
 1086 015a 898201   		.uleb128 0x4109
 1087 015d 01       		.byte	0x1
 1088 015e 11       		.uleb128 0x11
 1089 015f 01       		.uleb128 0x1
 1090 0160 31       		.uleb128 0x31
 1091 0161 13       		.uleb128 0x13
 1092 0162 01       		.uleb128 0x1
 1093 0163 13       		.uleb128 0x13
 1094 0164 00       		.byte	0
 1095 0165 00       		.byte	0
 1096 0166 17       		.uleb128 0x17
 1097 0167 8A8201   		.uleb128 0x410a
 1098 016a 00       		.byte	0
 1099 016b 02       		.uleb128 0x2
 1100 016c 18       		.uleb128 0x18
 1101 016d 9142     		.uleb128 0x2111
 1102 016f 18       		.uleb128 0x18
 1103 0170 00       		.byte	0
 1104 0171 00       		.byte	0
 1105 0172 18       		.uleb128 0x18
 1106 0173 05       		.uleb128 0x5
 1107 0174 00       		.byte	0
 1108 0175 03       		.uleb128 0x3
 1109 0176 0E       		.uleb128 0xe
 1110 0177 3A       		.uleb128 0x3a
 1111 0178 0B       		.uleb128 0xb
 1112 0179 3B       		.uleb128 0x3b
 1113 017a 0B       		.uleb128 0xb
 1114 017b 49       		.uleb128 0x49
 1115 017c 13       		.uleb128 0x13
 1116 017d 02       		.uleb128 0x2
 1117 017e 17       		.uleb128 0x17
 1118 017f 00       		.byte	0
 1119 0180 00       		.byte	0
 1120 0181 19       		.uleb128 0x19
 1121 0182 2E       		.uleb128 0x2e
ARM GAS  C:\Users\TYROLY~1\AppData\Local\Temp\ccUPDJmc.s 			page 28


 1122 0183 00       		.byte	0
 1123 0184 3F       		.uleb128 0x3f
 1124 0185 19       		.uleb128 0x19
 1125 0186 3C       		.uleb128 0x3c
 1126 0187 19       		.uleb128 0x19
 1127 0188 6E       		.uleb128 0x6e
 1128 0189 0E       		.uleb128 0xe
 1129 018a 03       		.uleb128 0x3
 1130 018b 0E       		.uleb128 0xe
 1131 018c 3A       		.uleb128 0x3a
 1132 018d 0B       		.uleb128 0xb
 1133 018e 3B       		.uleb128 0x3b
 1134 018f 0B       		.uleb128 0xb
 1135 0190 00       		.byte	0
 1136 0191 00       		.byte	0
 1137 0192 00       		.byte	0
 1138              		.section	.debug_loc,"",%progbits
 1139              	.Ldebug_loc0:
 1140              	.LLST0:
 1141 0000 00000000 		.4byte	.LVL4
 1142 0004 02000000 		.4byte	.LVL5
 1143 0008 0100     		.2byte	0x1
 1144 000a 50       		.byte	0x50
 1145 000b 02000000 		.4byte	.LVL5
 1146 000f 10000000 		.4byte	.LFE6
 1147 0013 0400     		.2byte	0x4
 1148 0015 F3       		.byte	0xf3
 1149 0016 01       		.uleb128 0x1
 1150 0017 50       		.byte	0x50
 1151 0018 9F       		.byte	0x9f
 1152 0019 00000000 		.4byte	0
 1153 001d 00000000 		.4byte	0
 1154              	.LLST1:
 1155 0021 04000000 		.4byte	.LVL6
 1156 0025 06000000 		.4byte	.LVL7
 1157 0029 0500     		.2byte	0x5
 1158 002b 70       		.byte	0x70
 1159 002c 00       		.sleb128 0
 1160 002d 35       		.byte	0x35
 1161 002e 25       		.byte	0x25
 1162 002f 9F       		.byte	0x9f
 1163 0030 00000000 		.4byte	0
 1164 0034 00000000 		.4byte	0
 1165              	.LLST2:
 1166 0038 00000000 		.4byte	.LVL12
 1167 003c 07000000 		.4byte	.LVL13-1
 1168 0040 0100     		.2byte	0x1
 1169 0042 50       		.byte	0x50
 1170 0043 07000000 		.4byte	.LVL13-1
 1171 0047 1A000000 		.4byte	.LFE1
 1172 004b 0100     		.2byte	0x1
 1173 004d 54       		.byte	0x54
 1174 004e 00000000 		.4byte	0
 1175 0052 00000000 		.4byte	0
 1176              		.section	.debug_aranges,"",%progbits
 1177 0000 7C000000 		.4byte	0x7c
 1178 0004 0200     		.2byte	0x2
ARM GAS  C:\Users\TYROLY~1\AppData\Local\Temp\ccUPDJmc.s 			page 29


 1179 0006 00000000 		.4byte	.Ldebug_info0
 1180 000a 04       		.byte	0x4
 1181 000b 00       		.byte	0
 1182 000c 0000     		.2byte	0
 1183 000e 0000     		.2byte	0
 1184 0010 00000000 		.4byte	.LFB3
 1185 0014 08000000 		.4byte	.LFE3-.LFB3
 1186 0018 00000000 		.4byte	.LFB4
 1187 001c 0C000000 		.4byte	.LFE4-.LFB4
 1188 0020 00000000 		.4byte	.LFB5
 1189 0024 0C000000 		.4byte	.LFE5-.LFB5
 1190 0028 00000000 		.4byte	.LFB6
 1191 002c 10000000 		.4byte	.LFE6-.LFB6
 1192 0030 00000000 		.4byte	.LFB7
 1193 0034 0C000000 		.4byte	.LFE7-.LFB7
 1194 0038 00000000 		.4byte	.LFB8
 1195 003c 0C000000 		.4byte	.LFE8-.LFB8
 1196 0040 00000000 		.4byte	.LFB9
 1197 0044 10000000 		.4byte	.LFE9-.LFB9
 1198 0048 00000000 		.4byte	.LFB10
 1199 004c 0C000000 		.4byte	.LFE10-.LFB10
 1200 0050 00000000 		.4byte	.LFB0
 1201 0054 1C000000 		.4byte	.LFE0-.LFB0
 1202 0058 00000000 		.4byte	.LFB1
 1203 005c 1A000000 		.4byte	.LFE1-.LFB1
 1204 0060 00000000 		.4byte	.LFB2
 1205 0064 14000000 		.4byte	.LFE2-.LFB2
 1206 0068 00000000 		.4byte	.LFB11
 1207 006c 0C000000 		.4byte	.LFE11-.LFB11
 1208 0070 00000000 		.4byte	.LFB12
 1209 0074 0C000000 		.4byte	.LFE12-.LFB12
 1210 0078 00000000 		.4byte	0
 1211 007c 00000000 		.4byte	0
 1212              		.section	.debug_ranges,"",%progbits
 1213              	.Ldebug_ranges0:
 1214 0000 00000000 		.4byte	.LFB3
 1215 0004 08000000 		.4byte	.LFE3
 1216 0008 00000000 		.4byte	.LFB4
 1217 000c 0C000000 		.4byte	.LFE4
 1218 0010 00000000 		.4byte	.LFB5
 1219 0014 0C000000 		.4byte	.LFE5
 1220 0018 00000000 		.4byte	.LFB6
 1221 001c 10000000 		.4byte	.LFE6
 1222 0020 00000000 		.4byte	.LFB7
 1223 0024 0C000000 		.4byte	.LFE7
 1224 0028 00000000 		.4byte	.LFB8
 1225 002c 0C000000 		.4byte	.LFE8
 1226 0030 00000000 		.4byte	.LFB9
 1227 0034 10000000 		.4byte	.LFE9
 1228 0038 00000000 		.4byte	.LFB10
 1229 003c 0C000000 		.4byte	.LFE10
 1230 0040 00000000 		.4byte	.LFB0
 1231 0044 1C000000 		.4byte	.LFE0
 1232 0048 00000000 		.4byte	.LFB1
 1233 004c 1A000000 		.4byte	.LFE1
 1234 0050 00000000 		.4byte	.LFB2
 1235 0054 14000000 		.4byte	.LFE2
ARM GAS  C:\Users\TYROLY~1\AppData\Local\Temp\ccUPDJmc.s 			page 30


 1236 0058 00000000 		.4byte	.LFB11
 1237 005c 0C000000 		.4byte	.LFE11
 1238 0060 00000000 		.4byte	.LFB12
 1239 0064 0C000000 		.4byte	.LFE12
 1240 0068 00000000 		.4byte	0
 1241 006c 00000000 		.4byte	0
 1242              		.section	.debug_line,"",%progbits
 1243              	.Ldebug_line0:
 1244 0000 3E010000 		.section	.debug_str,"MS",%progbits,1
 1244      02004F00 
 1244      00000201 
 1244      FB0E0D00 
 1244      01010101 
 1245              	.LASF17:
 1246 0000 72656733 		.ascii	"reg32\000"
 1246      3200
 1247              	.LASF36:
 1248 0006 47656E65 		.ascii	"Generated_Source\\PSoC5\\ISR_1m.c\000"
 1248      72617465 
 1248      645F536F 
 1248      75726365 
 1248      5C50536F 
 1249              	.LASF26:
 1250 0026 4953525F 		.ascii	"ISR_1m_GetVector\000"
 1250      316D5F47 
 1250      65745665 
 1250      63746F72 
 1250      00
 1251              	.LASF20:
 1252 0037 4953525F 		.ascii	"ISR_1m_Interrupt\000"
 1252      316D5F49 
 1252      6E746572 
 1252      72757074 
 1252      00
 1253              	.LASF37:
 1254 0048 453A5C61 		.ascii	"E:\\aquadoc\\psoc\\psoc\\test-timer-interrupt.cydsn"
 1254      71756164 
 1254      6F635C70 
 1254      736F635C 
 1254      70736F63 
 1255 0077 00       		.ascii	"\000"
 1256              	.LASF40:
 1257 0078 4953525F 		.ascii	"ISR_1m_GetState\000"
 1257      316D5F47 
 1257      65745374 
 1257      61746500 
 1258              	.LASF6:
 1259 0088 73686F72 		.ascii	"short unsigned int\000"
 1259      7420756E 
 1259      7369676E 
 1259      65642069 
 1259      6E7400
 1260              	.LASF28:
 1261 009b 4953525F 		.ascii	"ISR_1m_Enable\000"
 1261      316D5F45 
 1261      6E61626C 
 1261      6500
ARM GAS  C:\Users\TYROLY~1\AppData\Local\Temp\ccUPDJmc.s 			page 31


 1262              	.LASF31:
 1263 00a9 4953525F 		.ascii	"ISR_1m_StartEx\000"
 1263      316D5F53 
 1263      74617274 
 1263      457800
 1264              	.LASF14:
 1265 00b8 666C6F61 		.ascii	"float\000"
 1265      7400
 1266              	.LASF34:
 1267 00be 4953525F 		.ascii	"ISR_1m_ClearPending\000"
 1267      316D5F43 
 1267      6C656172 
 1267      50656E64 
 1267      696E6700 
 1268              	.LASF4:
 1269 00d2 756E7369 		.ascii	"unsigned char\000"
 1269      676E6564 
 1269      20636861 
 1269      7200
 1270              	.LASF35:
 1271 00e0 474E5520 		.ascii	"GNU C11 5.4.1 20160609 (release) [ARM/embedded-5-br"
 1271      43313120 
 1271      352E342E 
 1271      31203230 
 1271      31363036 
 1272 0113 616E6368 		.ascii	"anch revision 237715] -mcpu=cortex-m3 -mthumb -g -O"
 1272      20726576 
 1272      6973696F 
 1272      6E203233 
 1272      37373135 
 1273 0146 67202D66 		.ascii	"g -ffunction-sections -ffat-lto-objects\000"
 1273      66756E63 
 1273      74696F6E 
 1273      2D736563 
 1273      74696F6E 
 1274              	.LASF30:
 1275 016e 4953525F 		.ascii	"ISR_1m_Start\000"
 1275      316D5F53 
 1275      74617274 
 1275      00
 1276              	.LASF16:
 1277 017b 72656738 		.ascii	"reg8\000"
 1277      00
 1278              	.LASF8:
 1279 0180 6C6F6E67 		.ascii	"long unsigned int\000"
 1279      20756E73 
 1279      69676E65 
 1279      6420696E 
 1279      7400
 1280              	.LASF32:
 1281 0192 4953525F 		.ascii	"ISR_1m_Stop\000"
 1281      316D5F53 
 1281      746F7000 
 1282              	.LASF12:
 1283 019e 75696E74 		.ascii	"uint8\000"
 1283      3800
 1284              	.LASF33:
ARM GAS  C:\Users\TYROLY~1\AppData\Local\Temp\ccUPDJmc.s 			page 32


 1285 01a4 4953525F 		.ascii	"ISR_1m_SetPending\000"
 1285      316D5F53 
 1285      65745065 
 1285      6E64696E 
 1285      6700
 1286              	.LASF29:
 1287 01b6 4953525F 		.ascii	"ISR_1m_Disable\000"
 1287      316D5F44 
 1287      69736162 
 1287      6C6500
 1288              	.LASF25:
 1289 01c5 7072696F 		.ascii	"priority\000"
 1289      72697479 
 1289      00
 1290              	.LASF15:
 1291 01ce 646F7562 		.ascii	"double\000"
 1291      6C6500
 1292              	.LASF39:
 1293 01d5 6973725F 		.ascii	"isr_timer\000"
 1293      74696D65 
 1293      7200
 1294              	.LASF13:
 1295 01df 75696E74 		.ascii	"uint32\000"
 1295      333200
 1296              	.LASF27:
 1297 01e6 4953525F 		.ascii	"ISR_1m_GetPriority\000"
 1297      316D5F47 
 1297      65745072 
 1297      696F7269 
 1297      747900
 1298              	.LASF0:
 1299 01f9 756E7369 		.ascii	"unsigned int\000"
 1299      676E6564 
 1299      20696E74 
 1299      00
 1300              	.LASF24:
 1301 0206 61646472 		.ascii	"address\000"
 1301      65737300 
 1302              	.LASF9:
 1303 020e 6C6F6E67 		.ascii	"long long unsigned int\000"
 1303      206C6F6E 
 1303      6720756E 
 1303      7369676E 
 1303      65642069 
 1304              	.LASF18:
 1305 0225 63796973 		.ascii	"cyisraddress\000"
 1305      72616464 
 1305      72657373 
 1305      00
 1306              	.LASF21:
 1307 0232 4953525F 		.ascii	"ISR_1m_SetVector\000"
 1307      316D5F53 
 1307      65745665 
 1307      63746F72 
 1307      00
 1308              	.LASF10:
 1309 0243 73697A65 		.ascii	"sizetype\000"
ARM GAS  C:\Users\TYROLY~1\AppData\Local\Temp\ccUPDJmc.s 			page 33


 1309      74797065 
 1309      00
 1310              	.LASF1:
 1311 024c 6C6F6E67 		.ascii	"long long int\000"
 1311      206C6F6E 
 1311      6720696E 
 1311      7400
 1312              	.LASF11:
 1313 025a 63686172 		.ascii	"char\000"
 1313      00
 1314              	.LASF22:
 1315 025f 72616D56 		.ascii	"ramVectorTable\000"
 1315      6563746F 
 1315      72546162 
 1315      6C6500
 1316              	.LASF5:
 1317 026e 73686F72 		.ascii	"short int\000"
 1317      7420696E 
 1317      7400
 1318              	.LASF23:
 1319 0278 4953525F 		.ascii	"ISR_1m_SetPriority\000"
 1319      316D5F53 
 1319      65745072 
 1319      696F7269 
 1319      747900
 1320              	.LASF7:
 1321 028b 6C6F6E67 		.ascii	"long int\000"
 1321      20696E74 
 1321      00
 1322              	.LASF2:
 1323 0294 6C6F6E67 		.ascii	"long double\000"
 1323      20646F75 
 1323      626C6500 
 1324              	.LASF3:
 1325 02a0 7369676E 		.ascii	"signed char\000"
 1325      65642063 
 1325      68617200 
 1326              	.LASF38:
 1327 02ac 70696E5F 		.ascii	"pin_val\000"
 1327      76616C00 
 1328              	.LASF19:
 1329 02b4 5F426F6F 		.ascii	"_Bool\000"
 1329      6C00
 1330              		.ident	"GCC: (GNU Tools for ARM Embedded Processors) 5.4.1 20160609 (release) [ARM/embedded-5-bran
